Archive member included to satisfy reference by file (symbol)

/usr/lib/gcc/arm-none-eabi/14.2.0/../../../../arm-none-eabi/lib/thumb/v8-m.main+fp/softfp/libm.a(libm_a-wf_sqrt.o)
                              CMakeFiles/blink_main.dir/usr/share/pico-sdk/src/rp2_common/pico_float/float_math.c.o (sqrtf)
/usr/lib/gcc/arm-none-eabi/14.2.0/../../../../arm-none-eabi/lib/thumb/v8-m.main+fp/softfp/libm.a(libm_a-ef_sqrt.o)
                              /usr/lib/gcc/arm-none-eabi/14.2.0/../../../../arm-none-eabi/lib/thumb/v8-m.main+fp/softfp/libm.a(libm_a-wf_sqrt.o) (__ieee754_sqrtf)
/usr/lib/gcc/arm-none-eabi/14.2.0/thumb/v8-m.main+fp/softfp/libgcc.a(_arm_addsubdf3.o)
                              CMakeFiles/blink_main.dir/usr/share/pico-sdk/src/rp2_common/pico_float/float_math.c.o (__aeabi_f2d)
/usr/lib/gcc/arm-none-eabi/14.2.0/thumb/v8-m.main+fp/softfp/libgcc.a(_aeabi_ldivmod.o)
                              CMakeFiles/blink_main.dir/usr/share/pico-sdk/src/common/pico_time/time.c.o (__aeabi_ldivmod)
/usr/lib/gcc/arm-none-eabi/14.2.0/thumb/v8-m.main+fp/softfp/libgcc.a(_aeabi_uldivmod.o)
                              CMakeFiles/blink_main.dir/usr/share/pico-sdk/src/rp2_common/hardware_clocks/clocks.c.o (__aeabi_uldivmod)
/usr/lib/gcc/arm-none-eabi/14.2.0/thumb/v8-m.main+fp/softfp/libgcc.a(_udivmoddi4.o)
                              /usr/lib/gcc/arm-none-eabi/14.2.0/thumb/v8-m.main+fp/softfp/libgcc.a(_aeabi_ldivmod.o) (__udivmoddi4)
/usr/lib/gcc/arm-none-eabi/14.2.0/thumb/v8-m.main+fp/softfp/libgcc.a(_dvmd_tls.o)
                              /usr/lib/gcc/arm-none-eabi/14.2.0/thumb/v8-m.main+fp/softfp/libgcc.a(_aeabi_ldivmod.o) (__aeabi_ldiv0)
/usr/lib/gcc/arm-none-eabi/14.2.0/../../../../arm-none-eabi/lib/thumb/v8-m.main+fp/softfp/libg.a(libc_a-atexit.o)
                              /usr/lib/gcc/arm-none-eabi/14.2.0/../../../../arm-none-eabi/lib/thumb/v8-m.main+fp/softfp/crt0.o (atexit)
/usr/lib/gcc/arm-none-eabi/14.2.0/../../../../arm-none-eabi/lib/thumb/v8-m.main+fp/softfp/libg.a(libc_a-calloc.o)
                              CMakeFiles/blink_main.dir/usr/share/pico-sdk/src/rp2_common/pico_malloc/malloc.c.o (calloc)
/usr/lib/gcc/arm-none-eabi/14.2.0/../../../../arm-none-eabi/lib/thumb/v8-m.main+fp/softfp/libg.a(libc_a-callocr.o)
                              /usr/lib/gcc/arm-none-eabi/14.2.0/../../../../arm-none-eabi/lib/thumb/v8-m.main+fp/softfp/libg.a(libc_a-calloc.o) (_calloc_r)
/usr/lib/gcc/arm-none-eabi/14.2.0/../../../../arm-none-eabi/lib/thumb/v8-m.main+fp/softfp/libg.a(libc_a-malloc.o)
                              CMakeFiles/blink_main.dir/usr/share/pico-sdk/src/rp2_common/pico_malloc/malloc.c.o (malloc)
/usr/lib/gcc/arm-none-eabi/14.2.0/../../../../arm-none-eabi/lib/thumb/v8-m.main+fp/softfp/libg.a(libc_a-mallocr.o)
                              /usr/lib/gcc/arm-none-eabi/14.2.0/../../../../arm-none-eabi/lib/thumb/v8-m.main+fp/softfp/libg.a(libc_a-callocr.o) (_malloc_r)
/usr/lib/gcc/arm-none-eabi/14.2.0/../../../../arm-none-eabi/lib/thumb/v8-m.main+fp/softfp/libg.a(libc_a-mlock.o)
                              /usr/lib/gcc/arm-none-eabi/14.2.0/../../../../arm-none-eabi/lib/thumb/v8-m.main+fp/softfp/libg.a(libc_a-mallocr.o) (__malloc_lock)
/usr/lib/gcc/arm-none-eabi/14.2.0/../../../../arm-none-eabi/lib/thumb/v8-m.main+fp/softfp/libg.a(libc_a-realloc.o)
                              CMakeFiles/blink_main.dir/usr/share/pico-sdk/src/rp2_common/pico_malloc/malloc.c.o (realloc)
/usr/lib/gcc/arm-none-eabi/14.2.0/../../../../arm-none-eabi/lib/thumb/v8-m.main+fp/softfp/libg.a(libc_a-reallocr.o)
                              /usr/lib/gcc/arm-none-eabi/14.2.0/../../../../arm-none-eabi/lib/thumb/v8-m.main+fp/softfp/libg.a(libc_a-realloc.o) (_realloc_r)
/usr/lib/gcc/arm-none-eabi/14.2.0/../../../../arm-none-eabi/lib/thumb/v8-m.main+fp/softfp/libg.a(libc_a-memcmp.o)
                              CMakeFiles/blink_main.dir/usr/share/pico-sdk/src/rp2_common/pico_atomic/atomic.c.o (memcmp)
/usr/lib/gcc/arm-none-eabi/14.2.0/../../../../arm-none-eabi/lib/thumb/v8-m.main+fp/softfp/libg.a(libc_a-memmove.o)
                              /usr/lib/gcc/arm-none-eabi/14.2.0/../../../../arm-none-eabi/lib/thumb/v8-m.main+fp/softfp/libg.a(libc_a-reallocr.o) (memmove)
/usr/lib/gcc/arm-none-eabi/14.2.0/../../../../arm-none-eabi/lib/thumb/v8-m.main+fp/softfp/libg.a(libc_a-memset.o)
                              /usr/lib/gcc/arm-none-eabi/14.2.0/../../../../arm-none-eabi/lib/thumb/v8-m.main+fp/softfp/crt0.o (memset)
/usr/lib/gcc/arm-none-eabi/14.2.0/../../../../arm-none-eabi/lib/thumb/v8-m.main+fp/softfp/libg.a(libc_a-lcltime_r.o)
                              CMakeFiles/blink_main.dir/usr/share/pico-sdk/src/common/pico_util/datetime.c.o (localtime_r)
/usr/lib/gcc/arm-none-eabi/14.2.0/../../../../arm-none-eabi/lib/thumb/v8-m.main+fp/softfp/libg.a(libc_a-mktime.o)
                              CMakeFiles/blink_main.dir/usr/share/pico-sdk/src/common/pico_util/datetime.c.o (mktime)
[...]
Memory Configuration

Name             Origin             Length             Attributes
FLASH            0x10000000         0x00400000         xr
RAM              0x20000000         0x00080000         xrw
SCRATCH_X        0x20080000         0x00001000         xrw
SCRATCH_Y        0x20081000         0x00001000         xrw
*default*        0x00000000         0xffffffff

Linker script and memory map

LOAD /usr/lib/gcc/arm-none-eabi/14.2.0/thumb/v8-m.main+fp/softfp/crti.o
LOAD /usr/lib/gcc/arm-none-eabi/14.2.0/thumb/v8-m.main+fp/softfp/crtbegin.o
LOAD /usr/lib/gcc/arm-none-eabi/14.2.0/../../../../arm-none-eabi/lib/thumb/v8-m.main+fp/softfp/crt0.o

.flash_begin    0x10000000        0x0
                0x10000000                        __flash_binary_start = .

.text           0x10000000     0x1438
                0x10000000                        __logical_binary_start = .
 *(.vectors)
 .vectors       0x10000000      0x124 CMakeFiles/blink_main.dir/usr/share/pico-sdk/src/rp2_common/pico_crt0/crt0.S.o
                0x10000000                __vectors
                0x10000000                __VECTOR_TABLE
                0x10000110                isr_securefault
                0x10000110                isr_irq30
                0x10000110                __unhandled_user_irq
                0x10000110                isr_irq49
                0x10000110                isr_irq13
                0x10000110                isr_irq43
                0x10000110                isr_irq45
                0x10000110                isr_irq27
                0x10000110                isr_irq32
                0x10000110                isr_irq31
                0x10000110                isr_irq5
                0x10000110                isr_irq11
                0x10000110                isr_irq23
                0x10000110                isr_usagefault
                0x10000110                isr_irq48
                0x10000110                isr_irq35
                0x10000110                isr_irq18
                0x10000110                isr_irq50
                0x10000110                isr_irq40
                0x10000110                isr_irq28
                0x10000110                isr_irq19
                0x10000110                isr_irq36
                0x10000110                isr_irq41
                0x10000110                isr_irq0
                0x10000110                isr_irq6
                0x10000110                isr_memmanage
                0x10000110                isr_irq37
                0x10000110                isr_irq42
                0x10000110                isr_irq22
                0x10000110                isr_irq17
                0x10000110                isr_irq38
                0x10000110                isr_irq14
                0x10000110                __vectors_end
                0x10000110                __default_isrs_start
                0x10000110                isr_irq2
                0x10000110                isr_irq10
                0x10000110                isr_irq8
                0x10000110                isr_debugmonitor
                0x10000110                isr_irq24
                0x10000110                isr_irq46
                0x10000110                isr_irq1
                0x10000110                isr_irq47
                0x10000110                isr_irq51
                0x10000110                isr_irq7
                0x10000110                isr_irq21
                0x10000110                isr_irq39
                0x10000110                isr_irq20
                0x10000110                isr_irq15
                0x10000110                isr_irq25
                0x10000110                isr_irq34
                0x10000110                isr_irq4
                0x10000110                isr_busfault
                0x10000110                isr_irq16
                0x10000110                isr_irq44
                0x10000110                isr_irq29
                0x10000110                isr_irq26
                0x10000110                isr_irq33
                0x10000110                isr_irq3
                0x10000110                isr_irq12
                0x10000110                isr_irq9
                0x10000116                unhandled_user_irq_num_in_r0
                0x10000118                isr_invalid
                0x1000011a                isr_nmi
                0x1000011c                isr_hardfault
                0x1000011e                isr_svcall
                0x10000120                isr_pendsv
                0x10000122                isr_systick
                0x10000124                __default_isrs_end
 *(.binary_info_header)
 .binary_info_header
                0x10000124       0x14 CMakeFiles/blink_main.dir/usr/share/pico-sdk/src/rp2_common/pico_crt0/crt0.S.o
                0x10000138                        __binary_info_header_end = .
 *(.embedded_block)
 .embedded_block
                0x10000138       0x14 CMakeFiles/blink_main.dir/usr/share/pico-sdk/src/rp2_common/pico_crt0/crt0.S.o
                0x1000014c                        __embedded_block_end = .
 *(.reset)
 .reset         0x1000014c       0x98 CMakeFiles/blink_main.dir/usr/share/pico-sdk/src/rp2_common/pico_crt0/crt0.S.o
                0x1000014c                _entry_point
 *(.init)
 .init          0x100001e4        0x4 /usr/lib/gcc/arm-none-eabi/14.2.0/thumb/v8-m.main+fp/softfp/crti.o
                0x100001e4                _init
 *libgcc.a:cmse_nonsecure_call.o()
 *(EXCLUDE_FILE(*libm.a: *libc.a:*lib_a-mem*.o *libgcc.a:) .text*)
 .text.frame_dummy
                0x100001e8       0x1c /usr/lib/gcc/arm-none-eabi/14.2.0/thumb/v8-m.main+fp/softfp/crtbegin.o
 .text.startup.main
                0x10000204        0xc CMakeFiles/blink_main.dir/main.c.o
                0x10000204                main
 .text          0x10000210       0x40 CMakeFiles/blink_main.dir/blink.s.o
                0x10000210                start
 .text.panic    0x10000250       0x30 CMakeFiles/blink_main.dir/usr/share/pico-sdk/src/rp2_common/pico_platform_panic/panic.c.o
                0x10000250                panic
 .text.hw_claim_or_assert
                0x10000280       0x58 CMakeFiles/blink_main.dir/usr/share/pico-sdk/src/common/hardware_claim/claim.c.o
                0x10000280                hw_claim_or_assert
 .text.next_striped_spin_lock_num
                0x100002d8       0x18 CMakeFiles/blink_main.dir/usr/share/pico-sdk/src/rp2_common/hardware_sync/sync.c.o
                0x100002d8                next_striped_spin_lock_num
 .text.spinlock_set_extexclall
                0x100002f0       0x10 CMakeFiles/blink_main.dir/usr/share/pico-sdk/src/rp2_common/hardware_sync_spin_lock/sync_spin_lock.c.o
 .text.spin_locks_reset
                0x10000300       0x18 CMakeFiles/blink_main.dir/usr/share/pico-sdk/src/rp2_common/hardware_sync_spin_lock/sync_spin_lock.c.o
                0x10000300                spin_locks_reset
 .text.runtime_init_per_core_irq_priorities
                0x10000318       0x40 CMakeFiles/blink_main.dir/usr/share/pico-sdk/src/rp2_common/hardware_irq/irq.c.o
                0x10000318                runtime_init_per_core_irq_priorities
 .text.irq_set_enabled
                0x10000358       0x2c CMakeFiles/blink_main.dir/usr/share/pico-sdk/src/rp2_common/hardware_irq/irq.c.o
                0x10000358                irq_set_enabled
 .text.irq_set_exclusive_handler
                0x10000384       0x60 CMakeFiles/blink_main.dir/usr/share/pico-sdk/src/rp2_common/hardware_irq/irq.c.o
                0x10000384                irq_set_exclusive_handler
 .text.lock_init
                0x100003e4        0xc CMakeFiles/blink_main.dir/usr/share/pico-sdk/src/common/pico_sync/lock_core.c.o
                0x100003e4                lock_init
 .text.runtime_init_mutex
                0x100003f0       0x4c CMakeFiles/blink_main.dir/usr/share/pico-sdk/src/common/pico_sync/mutex.c.o
                0x100003f0                runtime_init_mutex
 .text.sleep_until_callback
                0x1000043c       0x3c CMakeFiles/blink_main.dir/usr/share/pico-sdk/src/common/pico_time/time.c.o
 .text.alarm_pool_irq_handler
                0x10000478      0x2f0 CMakeFiles/blink_main.dir/usr/share/pico-sdk/src/common/pico_time/time.c.o
 .text.runtime_init_default_alarm_pool
                0x10000768      0x100 CMakeFiles/blink_main.dir/usr/share/pico-sdk/src/common/pico_time/time.c.o
                0x10000768                runtime_init_default_alarm_pool
 .text.alarm_pool_add_alarm_at_force_in_context
                0x10000868       0xc8 CMakeFiles/blink_main.dir/usr/share/pico-sdk/src/common/pico_time/time.c.o
                0x10000868                alarm_pool_add_alarm_at_force_in_context
 .text.alarm_pool_cancel_alarm
                0x10000930       0x80 CMakeFiles/blink_main.dir/usr/share/pico-sdk/src/common/pico_time/time.c.o
                0x10000930                alarm_pool_cancel_alarm
 .text.best_effort_wfe_or_timeout
                0x100009b0       0xd4 CMakeFiles/blink_main.dir/usr/share/pico-sdk/src/common/pico_time/time.c.o
                0x100009b0                best_effort_wfe_or_timeout
 .text.timer_hardware_alarm_claim
                0x10000a84       0x24 CMakeFiles/blink_main.dir/usr/share/pico-sdk/src/rp2_common/hardware_timer/timer.c.o
                0x10000a84                timer_hardware_alarm_claim
 .text.timer_time_us_64
                0x10000aa8       0x10 CMakeFiles/blink_main.dir/usr/share/pico-sdk/src/rp2_common/hardware_timer/timer.c.o
                0x10000aa8                timer_time_us_64
 .text.time_us_64
                0x10000ab8       0x14 CMakeFiles/blink_main.dir/usr/share/pico-sdk/src/rp2_common/hardware_timer/timer.c.o
                0x10000ab8                time_us_64
 .text.clock_configure_undivided
                0x10000acc       0xd0 CMakeFiles/blink_main.dir/usr/share/pico-sdk/src/rp2_common/hardware_clocks/clocks.c.o
                0x10000acc                clock_configure_undivided
 .text.clock_get_hz
                0x10000b9c        0xc CMakeFiles/blink_main.dir/usr/share/pico-sdk/src/rp2_common/hardware_clocks/clocks.c.o
                0x10000b9c                clock_get_hz
 .text.pll_init
                0x10000ba8       0x8c CMakeFiles/blink_main.dir/usr/share/pico-sdk/src/rp2_common/hardware_pll/pll.c.o
                0x10000ba8                pll_init
 .text.tick_start
                0x10000c34       0x18 CMakeFiles/blink_main.dir/usr/share/pico-sdk/src/rp2_common/hardware_ticks/ticks.c.o
                0x10000c34                tick_start
 .text.rom_func_lookup
                0x10000c4c       0x18 CMakeFiles/blink_main.dir/usr/share/pico-sdk/src/rp2_common/pico_bootrom/bootrom.c.o
                0x10000c4c                rom_func_lookup
 .text.runtime_init_bootrom_locking_enable
                0x10000c64       0x14 CMakeFiles/blink_main.dir/usr/share/pico-sdk/src/rp2_common/pico_bootrom/bootrom_lock.c.o
                0x10000c64                runtime_init_bootrom_locking_enable
 .text.runtime_init_boot_locks_reset
                0x10000c78       0x1c CMakeFiles/blink_main.dir/usr/share/pico-sdk/src/rp2_common/hardware_boot_lock/boot_lock.c.o
                0x10000c78                runtime_init_boot_locks_reset
 .text.xosc_init
                0x10000c94       0x30 CMakeFiles/blink_main.dir/usr/share/pico-sdk/src/rp2_common/hardware_xosc/xosc.c.o
                0x10000c94                xosc_init
 .text.first_per_core_initializer
                0x10000cc4        0x4 CMakeFiles/blink_main.dir/usr/share/pico-sdk/src/rp2_common/pico_runtime/runtime.c.o
 .text.hard_assertion_failure
                0x10000cc8        0xc CMakeFiles/blink_main.dir/usr/share/pico-sdk/src/rp2_common/pico_runtime/runtime.c.o
                0x10000cc8                hard_assertion_failure
 .text.runtime_run_initializers
                0x10000cd4       0x20 CMakeFiles/blink_main.dir/usr/share/pico-sdk/src/rp2_common/pico_runtime/runtime.c.o
                0x10000cd4                runtime_run_initializers
 .text.runtime_init_early_resets
                0x10000cf4       0x34 CMakeFiles/blink_main.dir/usr/share/pico-sdk/src/rp2_common/pico_runtime_init/runtime_init.c.o
                0x10000cf4                runtime_init_early_resets
 .text.runtime_init_usb_power_down
                0x10000d28       0x1c CMakeFiles/blink_main.dir/usr/share/pico-sdk/src/rp2_common/pico_runtime_init/runtime_init.c.o
                0x10000d28                runtime_init_usb_power_down
 .text.runtime_init_per_core_enable_coprocessors
                0x10000d44       0x1c CMakeFiles/blink_main.dir/usr/share/pico-sdk/src/rp2_common/pico_runtime_init/runtime_init.c.o
                0x10000d44                runtime_init_per_core_enable_coprocessors
 .text.runtime_init_post_clock_resets
                0x10000d60       0x20 CMakeFiles/blink_main.dir/usr/share/pico-sdk/src/rp2_common/pico_runtime_init/runtime_init.c.o
                0x10000d60                runtime_init_post_clock_resets
 .text.runtime_init_bootrom_reset
                0x10000d80       0x14 CMakeFiles/blink_main.dir/usr/share/pico-sdk/src/rp2_common/pico_runtime_init/runtime_init.c.o
                0x10000d80                runtime_init_bootrom_reset
 .text.runtime_init_per_core_bootrom_reset
                0x10000d94       0x14 CMakeFiles/blink_main.dir/usr/share/pico-sdk/src/rp2_common/pico_runtime_init/runtime_init.c.o
                0x10000d94                runtime_init_per_core_bootrom_reset
 .text.runtime_init_spin_locks_reset
                0x10000da8        0x4 CMakeFiles/blink_main.dir/usr/share/pico-sdk/src/rp2_common/pico_runtime_init/runtime_init.c.o
                0x10000da8                runtime_init_spin_locks_reset
 .text.runtime_init_install_ram_vector_table
                0x10000dac       0x68 CMakeFiles/blink_main.dir/usr/share/pico-sdk/src/rp2_common/pico_runtime_init/runtime_init.c.o
                0x10000dac                runtime_init_install_ram_vector_table
 .text.runtime_init_clocks
                0x10000e14       0xdc CMakeFiles/blink_main.dir/usr/share/pico-sdk/src/rp2_common/pico_runtime_init/runtime_init_clocks.c.o
                0x10000e14                runtime_init_clocks
 .text._out_char
                0x10000ef0        0x8 CMakeFiles/blink_main.dir/usr/share/pico-sdk/src/rp2_common/pico_printf/printf.c.o
 .text.weak_raw_vprintf
                0x10000ef8       0x30 CMakeFiles/blink_main.dir/usr/share/pico-sdk/src/rp2_common/pico_printf/printf.c.o
                0x10000ef8                weak_raw_vprintf
 .text._exit    0x10000f28        0x4 CMakeFiles/blink_main.dir/usr/share/pico-sdk/src/rp2_common/pico_clib_interface/newlib_interface.c.o
                0x10000f28                _exit
 .text.exit     0x10000f2c        0x8 CMakeFiles/blink_main.dir/usr/share/pico-sdk/src/rp2_common/pico_clib_interface/newlib_interface.c.o
                0x10000f2c                exit
 .text.runtime_init
                0x10000f34       0x24 CMakeFiles/blink_main.dir/usr/share/pico-sdk/src/rp2_common/pico_clib_interface/newlib_interface.c.o
                0x10000f34                runtime_init
 .text.stdio_out_chars_no_crlf
                0x10000f58        0x8 CMakeFiles/blink_main.dir/usr/share/pico-sdk/src/rp2_common/pico_stdio/stdio.c.o
 .text.stdio_out_chars_crlf
                0x10000f60       0xb0 CMakeFiles/blink_main.dir/usr/share/pico-sdk/src/rp2_common/pico_stdio/stdio.c.o
 .text.stdio_put_string
                0x10001010       0xec CMakeFiles/blink_main.dir/usr/share/pico-sdk/src/rp2_common/pico_stdio/stdio.c.o
                0x10001010                stdio_put_string
 .text.__wrap_putchar
                0x100010fc       0x84 CMakeFiles/blink_main.dir/usr/share/pico-sdk/src/rp2_common/pico_stdio/stdio.c.o
                0x100010fc                stdio_putchar
                0x100010fc                __wrap_putchar
 .text.__wrap_puts
                0x10001180       0x3c CMakeFiles/blink_main.dir/usr/share/pico-sdk/src/rp2_common/pico_stdio/stdio.c.o
                0x10001180                __wrap_puts
                0x10001180                stdio_puts
 .text.atexit   0x100011bc        0xc /usr/lib/gcc/arm-none-eabi/14.2.0/../../../../arm-none-eabi/lib/thumb/v8-m.main+fp/softfp/libg.a(libc_a-atexit.o)
                0x100011bc                atexit
 .text.__libc_fini_array
                0x100011c8       0x28 /usr/lib/gcc/arm-none-eabi/14.2.0/../../../../arm-none-eabi/lib/thumb/v8-m.main+fp/softfp/libg.a(libc_a-fini.o)
                0x100011c8                __libc_fini_array
 .text.__retarget_lock_acquire_recursive
                0x100011f0        0x4 /usr/lib/gcc/arm-none-eabi/14.2.0/../../../../arm-none-eabi/lib/thumb/v8-m.main+fp/softfp/libg.a(libc_a-lock.o)
                0x100011f0                __retarget_lock_acquire_recursive
 .text.__retarget_lock_release_recursive
                0x100011f4        0x4 /usr/lib/gcc/arm-none-eabi/14.2.0/../../../../arm-none-eabi/lib/thumb/v8-m.main+fp/softfp/libg.a(libc_a-lock.o)
                0x100011f4                __retarget_lock_release_recursive
 .text          0x100011f8       0xec /usr/lib/gcc/arm-none-eabi/14.2.0/../../../../arm-none-eabi/lib/thumb/v8-m.main+fp/softfp/libg.a(libc_a-memcpy.o)
                0x100011f8                memcpy
 .text.strlen   0x100012e4       0x5c /usr/lib/gcc/arm-none-eabi/14.2.0/../../../../arm-none-eabi/lib/thumb/v8-m.main+fp/softfp/libg.a(libc_a-strlen-stub.o)
                0x100012e4                strlen
 .text.__register_exitproc
                0x10001340       0x84 /usr/lib/gcc/arm-none-eabi/14.2.0/../../../../arm-none-eabi/lib/thumb/v8-m.main+fp/softfp/libg.a(libc_a-__atexit.o)
                0x10001340                __register_exitproc
 .text.startup.register_fini
                0x100013c4       0x14 /usr/lib/gcc/arm-none-eabi/14.2.0/../../../../arm-none-eabi/lib/thumb/v8-m.main+fp/softfp/libg.a(libc_a-__call_atexit.o)
 *(.fini)
 .fini          0x100013d8        0x4 /usr/lib/gcc/arm-none-eabi/14.2.0/thumb/v8-m.main+fp/softfp/crti.o
                0x100013d8                _fini
 *fill*         0x100013dc        0x4 
 .fini.__stub   0x100013e0       0x10 linker stubs
 *crtbegin.o(.ctors)
 *crtbegin?.o(.ctors)
 *(EXCLUDE_FILE(*crtend.o *crtend?.o) .ctors)
 *(SORT_BY_NAME(.ctors.*))
 *(.ctors)
 *crtbegin.o(.dtors)
 *crtbegin?.o(.dtors)
 *(EXCLUDE_FILE(*crtend.o *crtend?.o) .dtors)
 *(SORT_BY_NAME(.dtors.*))
 *(.dtors)
                0x100013f0                        . = ALIGN (0x4)
                0x100013f0                        PROVIDE (__preinit_array_start = .)
 *(SORT_BY_NAME(.preinit_array.*))
 .preinit_array.00050
                0x100013f0        0x4 CMakeFiles/blink_main.dir/usr/share/pico-sdk/src/rp2_common/pico_runtime_init/runtime_init.c.o
                0x100013f0                __pre_init_runtime_init_bootrom_reset
 .preinit_array.00100
                0x100013f4        0x4 CMakeFiles/blink_main.dir/usr/share/pico-sdk/src/rp2_common/pico_runtime_init/runtime_init.c.o
                0x100013f4                __pre_init_runtime_init_early_resets
 .preinit_array.00101
                0x100013f8        0x4 CMakeFiles/blink_main.dir/usr/share/pico-sdk/src/rp2_common/pico_runtime_init/runtime_init.c.o
                0x100013f8                __pre_init_runtime_init_usb_power_down
 .preinit_array.00500
                0x100013fc        0x4 CMakeFiles/blink_main.dir/usr/share/pico-sdk/src/rp2_common/pico_runtime_init/runtime_init.c.o
                0x100013fc                __pre_init_runtime_init_clocks
 .preinit_array.00600
                0x10001400        0x4 CMakeFiles/blink_main.dir/usr/share/pico-sdk/src/rp2_common/pico_runtime_init/runtime_init.c.o
                0x10001400                __pre_init_runtime_init_post_clock_resets
 .preinit_array.01000
                0x10001404        0x4 CMakeFiles/blink_main.dir/usr/share/pico-sdk/src/rp2_common/hardware_boot_lock/boot_lock.c.o
                0x10001404                __pre_init_runtime_init_boot_locks_reset
 .preinit_array.01000
                0x10001408        0x4 CMakeFiles/blink_main.dir/usr/share/pico-sdk/src/rp2_common/pico_runtime_init/runtime_init.c.o
                0x10001408                __pre_init_runtime_init_spin_locks_reset
 .preinit_array.01010
                0x1000140c        0x4 CMakeFiles/blink_main.dir/usr/share/pico-sdk/src/rp2_common/pico_bootrom/bootrom_lock.c.o
                0x1000140c                __pre_init_runtime_init_bootrom_locking_enable
 .preinit_array.01100
                0x10001410        0x4 CMakeFiles/blink_main.dir/usr/share/pico-sdk/src/common/pico_sync/mutex.c.o
                0x10001410                __pre_init_runtime_init_mutex
 .preinit_array.10080
                0x10001414        0x4 CMakeFiles/blink_main.dir/usr/share/pico-sdk/src/rp2_common/pico_runtime_init/runtime_init.c.o
                0x10001414                __pre_init_runtime_init_install_ram_vector_table
 .preinit_array.11000
                0x10001418        0x4 CMakeFiles/blink_main.dir/usr/share/pico-sdk/src/common/pico_time/time.c.o
                0x10001418                __pre_init_runtime_init_default_alarm_pool
 .preinit_array.YYYYY
                0x1000141c        0x4 CMakeFiles/blink_main.dir/usr/share/pico-sdk/src/rp2_common/pico_runtime/runtime.c.o
                0x1000141c                __pre_init_first_per_core_initializer
 .preinit_array.ZZZZZ.00051
                0x10001420        0x4 CMakeFiles/blink_main.dir/usr/share/pico-sdk/src/rp2_common/pico_runtime_init/runtime_init.c.o
                0x10001420                __pre_init_runtime_init_per_core_bootrom_reset
 .preinit_array.ZZZZZ.00200
                0x10001424        0x4 CMakeFiles/blink_main.dir/usr/share/pico-sdk/src/rp2_common/pico_runtime_init/runtime_init.c.o
                0x10001424                __pre_init_runtime_init_per_core_enable_coprocessors
 .preinit_array.ZZZZZ.01000
                0x10001428        0x4 CMakeFiles/blink_main.dir/usr/share/pico-sdk/src/rp2_common/hardware_sync_spin_lock/sync_spin_lock.c.o
                0x10001428                __pre_init_spinlock_set_extexclall
 .preinit_array.ZZZZZ.01200
                0x1000142c        0x4 CMakeFiles/blink_main.dir/usr/share/pico-sdk/src/rp2_common/hardware_irq/irq.c.o
                0x1000142c                __pre_init_runtime_init_per_core_irq_priorities
 *(.preinit_array)
                0x10001430                        PROVIDE (__preinit_array_end = .)
                0x10001430                        . = ALIGN (0x4)
                0x10001430                        PROVIDE (__init_array_start = .)
 *(SORT_BY_NAME(.init_array.*))
 .init_array.00000
                0x10001430        0x4 /usr/lib/gcc/arm-none-eabi/14.2.0/../../../../arm-none-eabi/lib/thumb/v8-m.main+fp/softfp/libg.a(libc_a-__call_atexit.o)
 *(.init_array)
 .init_array    0x10001434        0x4 /usr/lib/gcc/arm-none-eabi/14.2.0/thumb/v8-m.main+fp/softfp/crtbegin.o
                0x10001438                        PROVIDE (__init_array_end = .)
                0x10001438                        . = ALIGN (0x4)
                0x10001438                        PROVIDE (__fini_array_start = .)
 *(SORT_BY_NAME(.fini_array.*))
 *(.fini_array)
                0x10001438                        PROVIDE (__fini_array_end = .)
 *(.eh_frame*)
 .eh_frame      0x10001438        0x0 /usr/lib/gcc/arm-none-eabi/14.2.0/thumb/v8-m.main+fp/softfp/crtbegin.o
                0x10001438                        . = ALIGN (0x4)

.glue_7         0x10001438        0x0
 .glue_7        0x10001438        0x0 linker stubs

.glue_7t        0x10001438        0x0
 .glue_7t       0x10001438        0x0 linker stubs

.vfp11_veneer   0x10001438        0x0
 .vfp11_veneer  0x10001438        0x0 linker stubs

.v4_bx          0x10001438        0x0
 .v4_bx         0x10001438        0x0 linker stubs

.iplt           0x10001438        0x0
 .iplt          0x10001438        0x0 /usr/lib/gcc/arm-none-eabi/14.2.0/thumb/v8-m.main+fp/softfp/crtbegin.o

.boot2          0x10001438        0x0
                0x10001438                        __boot2_start__ = .
 *(.boot2)
                0x10001438                        __boot2_end__ = .
                0x00000001                        ASSERT (((__boot2_end__ - __boot2_start__) <= 0x100), ERROR: Pico second stage bootloader must be no more than 256 bytes in size)

.rodata         0x10001438       0xdc
 *(EXCLUDE_FILE(*libm.a: *libc.a:*lib_a-mem*.o *libgcc.a:) .rodata*)
 .rodata.panic.str1.4
                0x10001438       0x84 CMakeFiles/blink_main.dir/usr/share/pico-sdk/src/rp2_common/pico_platform_panic/panic.c.o
                                 0x12 (size before relaxing)
 .rodata.timer_hardware_alarm_claim.str1.4
                0x100014bc       0x22 CMakeFiles/blink_main.dir/usr/share/pico-sdk/src/rp2_common/hardware_timer/timer.c.o
 .rodata.hard_assertion_failure.str1.4
                0x100014bc        0xc CMakeFiles/blink_main.dir/usr/share/pico-sdk/src/rp2_common/pico_runtime/runtime.c.o
 .rodata.str1.4
                0x100014bc       0x40 CMakeFiles/blink_main.dir/usr/share/pico-sdk/src/rp2_common/pico_standard_binary_info/standard_binary_info.c.o
 .rodata.__bi_84
                0x100014bc        0xc CMakeFiles/blink_main.dir/usr/share/pico-sdk/src/rp2_common/pico_standard_binary_info/standard_binary_info.c.o
 .rodata.__bi_78
                0x100014c8        0xc CMakeFiles/blink_main.dir/usr/share/pico-sdk/src/rp2_common/pico_standard_binary_info/standard_binary_info.c.o
 .rodata.__bi_54
                0x100014d4        0xc CMakeFiles/blink_main.dir/usr/share/pico-sdk/src/rp2_common/pico_standard_binary_info/standard_binary_info.c.o
 .rodata.__bi_48
                0x100014e0        0xc CMakeFiles/blink_main.dir/usr/share/pico-sdk/src/rp2_common/pico_standard_binary_info/standard_binary_info.c.o
 .rodata.__bi_42
                0x100014ec        0xc CMakeFiles/blink_main.dir/usr/share/pico-sdk/src/rp2_common/pico_standard_binary_info/standard_binary_info.c.o
 .rodata.__bi_34
                0x100014f8        0xc CMakeFiles/blink_main.dir/usr/share/pico-sdk/src/rp2_common/pico_standard_binary_info/standard_binary_info.c.o
 .rodata.__bi_26
                0x10001504        0xc CMakeFiles/blink_main.dir/usr/share/pico-sdk/src/rp2_common/pico_standard_binary_info/standard_binary_info.c.o
 .rodata.crlf_str.0
                0x10001510        0x2 CMakeFiles/blink_main.dir/usr/share/pico-sdk/src/rp2_common/pico_stdio/stdio.c.o
 *(.srodata*)
                0x10001514                        . = ALIGN (0x4)
 *fill*         0x10001512        0x2 
 *(SORT_BY_ALIGNMENT(SORT_BY_NAME(.flashdata*)))
                0x10001514                        . = ALIGN (0x4)

.ARM.extab
 *(.ARM.extab* .gnu.linkonce.armextab.*)
                0x10001514                        __exidx_start = .

.ARM.exidx      0x10001514        0x8
 *(.ARM.exidx* .gnu.linkonce.armexidx.*)
 .ARM.exidx     0x10001514        0x8 /usr/lib/gcc/arm-none-eabi/14.2.0/../../../../arm-none-eabi/lib/thumb/v8-m.main+fp/softfp/libg.a(libc_a-memcpy.o)
                0x1000151c                        __exidx_end = .
                0x1000151c                        . = ALIGN (0x4)
                0x1000151c                        __binary_info_start = .

.binary_info    0x1000151c       0x1c
 *(.binary_info.keep.*)
 .binary_info.keep.__bi_ptr84
                0x1000151c        0x4 CMakeFiles/blink_main.dir/usr/share/pico-sdk/src/rp2_common/pico_standard_binary_info/standard_binary_info.c.o
 .binary_info.keep.__bi_ptr78
                0x10001520        0x4 CMakeFiles/blink_main.dir/usr/share/pico-sdk/src/rp2_common/pico_standard_binary_info/standard_binary_info.c.o
 .binary_info.keep.__bi_ptr54
                0x10001524        0x4 CMakeFiles/blink_main.dir/usr/share/pico-sdk/src/rp2_common/pico_standard_binary_info/standard_binary_info.c.o
 .binary_info.keep.__bi_ptr48
                0x10001528        0x4 CMakeFiles/blink_main.dir/usr/share/pico-sdk/src/rp2_common/pico_standard_binary_info/standard_binary_info.c.o
 .binary_info.keep.__bi_ptr42
                0x1000152c        0x4 CMakeFiles/blink_main.dir/usr/share/pico-sdk/src/rp2_common/pico_standard_binary_info/standard_binary_info.c.o
 .binary_info.keep.__bi_ptr34
                0x10001530        0x4 CMakeFiles/blink_main.dir/usr/share/pico-sdk/src/rp2_common/pico_standard_binary_info/standard_binary_info.c.o
 .binary_info.keep.__bi_ptr26
                0x10001534        0x4 CMakeFiles/blink_main.dir/usr/share/pico-sdk/src/rp2_common/pico_standard_binary_info/standard_binary_info.c.o
 *(.binary_info.*)
                0x10001538                        __binary_info_end = .
                0x10001538                        . = ALIGN (0x4)

.ram_vector_table
                0x20000000      0x110
 *(.ram_vector_table)
 .ram_vector_table
                0x20000000      0x110 CMakeFiles/blink_main.dir/usr/share/pico-sdk/src/rp2_common/pico_runtime_init/runtime_init.c.o
                0x20000000                ram_vector_table

.uninitialized_data
                0x20000110        0x0
                0x20000110                        . = ALIGN (0x4)
 *(.uninitialized_data*)

.data           0x20000110      0x140 load address 0x10001538
                0x20000110                        __data_start__ = .
 *(vtable)
 *(.time_critical*)
 .time_critical.mutex_enter_block_until
                0x20000110       0x6c CMakeFiles/blink_main.dir/usr/share/pico-sdk/src/common/pico_sync/mutex.c.o
                0x20000110                mutex_enter_block_until
 .time_critical.mutex_try_enter_block_until
                0x2000017c       0x68 CMakeFiles/blink_main.dir/usr/share/pico-sdk/src/common/pico_sync/mutex.c.o
                0x2000017c                mutex_try_enter_block_until
 .time_critical.mutex_exit
                0x200001e4       0x3c CMakeFiles/blink_main.dir/usr/share/pico-sdk/src/common/pico_sync/mutex.c.o
                0x200001e4                mutex_exit
 .time_critical.mutex_exit.__stub
                0x20000220        0x8 linker stubs
 *(.text*)
                0x20000228                        . = ALIGN (0x4)
 *(.rodata*)
                0x20000228                        . = ALIGN (0x4)
 *(.data*)
 .data.striped_spin_lock_num
                0x20000228        0x1 CMakeFiles/blink_main.dir/usr/share/pico-sdk/src/rp2_common/hardware_sync/sync.c.o
 *fill*         0x20000229        0x3 
 .data.default_alarm_pool
                0x2000022c       0x18 CMakeFiles/blink_main.dir/usr/share/pico-sdk/src/common/pico_time/time.c.o
 .data.__atexit_recursive_mutex
                0x20000244        0x4 /usr/lib/gcc/arm-none-eabi/14.2.0/../../../../arm-none-eabi/lib/thumb/v8-m.main+fp/softfp/libg.a(libc_a-__call_atexit.o)
                0x20000244                __atexit_recursive_mutex
 *(.sdata*)
                0x20000248                        . = ALIGN (0x4)
 *(.after_data.*)
                0x20000248                        . = ALIGN (0x4)
                0x20000248                        PROVIDE (__mutex_array_start = .)
 *(SORT_BY_NAME(.mutex_array.*))
 *(.mutex_array)
 .mutex_array   0x20000248        0x8 CMakeFiles/blink_main.dir/usr/share/pico-sdk/src/rp2_common/pico_stdio/stdio.c.o
                0x20000250                        PROVIDE (__mutex_array_end = .)
 *(.jcr)
                0x20000250                        . = ALIGN (0x4)

.igot.plt       0x20000250        0x0 load address 0x10001678
 .igot.plt      0x20000250        0x0 /usr/lib/gcc/arm-none-eabi/14.2.0/thumb/v8-m.main+fp/softfp/crtbegin.o

.tdata          0x20000250        0x0 load address 0x10001678
                0x20000250                        . = ALIGN (0x4)
 *(.tdata .tdata.* .gnu.linkonce.td.*)
                0x20000250                        __tdata_end = .
                0x20000250                        PROVIDE (__data_end__ = .)
                0x10001538                        __etext = LOADADDR (.data)

.tbss           0x20000250        0x0 load address 0x10001678
                0x20000250                        . = ALIGN (0x4)
                0x20000250                        __bss_start__ = .
                0x20000250                        __tls_base = .
 *(.tbss .tbss.* .gnu.linkonce.tb.*)
 *(.tcommon)
                0x20000250                        __tls_end = .

.bss            0x20000250      0x3ac load address 0x10001678
                0x20000250                        . = ALIGN (0x4)
                0x20000250                        __tbss_end = .
 *(SORT_BY_ALIGNMENT(SORT_BY_NAME(.bss*)))
 .bss.default_alarm_pool_entries
                0x20000250      0x180 CMakeFiles/blink_main.dir/usr/share/pico-sdk/src/common/pico_time/time.c.o
 .bss.__atexit  0x200003d0        0x4 /usr/lib/gcc/arm-none-eabi/14.2.0/../../../../arm-none-eabi/lib/thumb/v8-m.main+fp/softfp/libg.a(libc_a-__call_atexit.o)
                0x200003d0                __atexit
 .bss.__atexit0
                0x200003d4      0x190 /usr/lib/gcc/arm-none-eabi/14.2.0/../../../../arm-none-eabi/lib/thumb/v8-m.main+fp/softfp/libg.a(libc_a-__atexit.o)
                0x200003d4                __atexit0
 .bss.__lock___atexit_recursive_mutex
                0x20000564        0x1 /usr/lib/gcc/arm-none-eabi/14.2.0/../../../../arm-none-eabi/lib/thumb/v8-m.main+fp/softfp/libg.a(libc_a-lock.o)
                0x20000564                __lock___atexit_recursive_mutex
 *fill*         0x20000565        0x3 
 .bss._sw_spin_locks
                0x20000568       0x20 CMakeFiles/blink_main.dir/usr/share/pico-sdk/src/rp2_common/hardware_sync_spin_lock/sync_spin_lock.c.o
                0x20000568                _sw_spin_locks
 .bss.claimed   0x20000588        0x2 CMakeFiles/blink_main.dir/usr/share/pico-sdk/src/rp2_common/hardware_timer/timer.c.o
 *fill*         0x2000058a        0x2 
 .bss.configured_freq
                0x2000058c       0x28 CMakeFiles/blink_main.dir/usr/share/pico-sdk/src/rp2_common/hardware_clocks/clocks.c.o
 .bss.drivers   0x200005b4        0x4 CMakeFiles/blink_main.dir/usr/share/pico-sdk/src/rp2_common/pico_stdio/stdio.c.o
 .bss.filter    0x200005b8        0x4 CMakeFiles/blink_main.dir/usr/share/pico-sdk/src/rp2_common/pico_stdio/stdio.c.o
 .bss.lazy_vsnprintf
                0x200005bc        0x4 CMakeFiles/blink_main.dir/usr/share/pico-sdk/src/rp2_common/pico_printf/printf.c.o
 .bss.object.0  0x200005c0       0x18 /usr/lib/gcc/arm-none-eabi/14.2.0/thumb/v8-m.main+fp/softfp/crtbegin.o
 .bss.pools     0x200005d8       0x20 CMakeFiles/blink_main.dir/usr/share/pico-sdk/src/common/pico_time/time.c.o
 .bss.sleep_notifier
                0x200005f8        0x4 CMakeFiles/blink_main.dir/usr/share/pico-sdk/src/common/pico_time/time.c.o
 *(COMMON)
                [!provide]                        PROVIDE (__global_pointer$ = (. + 0x800))
 *(.sbss*)
                0x200005fc                        . = ALIGN (0x4)
                0x200005fc                        __bss_end__ = .

.heap           0x200005fc      0x800 load address 0x10001678
                0x200005fc                        __end__ = .
                0x200005fc                        end = __end__
 *(.heap*)
 .heap          0x200005fc      0x800 CMakeFiles/blink_main.dir/usr/share/pico-sdk/src/rp2_common/pico_crt0/crt0.S.o
                0x20080000                        __HeapLimit = (ORIGIN (RAM) + LENGTH (RAM))

.scratch_x      0x20080000        0x0 load address 0x10001678
                0x20080000                        __scratch_x_start__ = .
 *(.scratch_x.*)
                0x20080000                        . = ALIGN (0x4)
                0x20080000                        __scratch_x_end__ = .
                0x10001678                        __scratch_x_source__ = LOADADDR (.scratch_x)

.scratch_y      0x20081000        0x0 load address 0x10001678
                0x20081000                        __scratch_y_start__ = .
 *(.scratch_y.*)
                0x20081000                        . = ALIGN (0x4)
                0x20081000                        __scratch_y_end__ = .
                0x10001678                        __scratch_y_source__ = LOADADDR (.scratch_y)

.stack1_dummy
 *(.stack1*)

.stack_dummy    0x20081000      0x800
 *(.stack*)
 .stack         0x20081000      0x800 CMakeFiles/blink_main.dir/usr/share/pico-sdk/src/rp2_common/pico_crt0/crt0.S.o

.flash_end      0x10001678       0x14
 *(.embedded_end_block*)
 .embedded_end_block
                0x10001678       0x14 CMakeFiles/blink_main.dir/usr/share/pico-sdk/src/rp2_common/pico_crt0/crt0.S.o
                0x1000168c                        PROVIDE (__flash_binary_end = .)
                0x20080000                        __StackLimit = (ORIGIN (RAM) + LENGTH (RAM))
                0x20081000                        __StackOneTop = (ORIGIN (SCRATCH_X) + LENGTH (SCRATCH_X))
                0x20082000                        __StackTop = (ORIGIN (SCRATCH_Y) + LENGTH (SCRATCH_Y))
                0x20081000                        __StackOneBottom = (__StackOneTop - SIZEOF (.stack1_dummy))
                0x20081800                        __StackBottom = (__StackTop - SIZEOF (.stack_dummy))
                0x20082000                        PROVIDE (__stack = __StackTop)
                [!provide]                        PROVIDE (__heap_start = __end__)
                [!provide]                        PROVIDE (__heap_end = __HeapLimit)
                [!provide]                        PROVIDE (__tls_align = MAX (ALIGNOF (.tdata), ALIGNOF (.tbss)))
                [!provide]                        PROVIDE (__tls_size_align = (((__tls_size + __tls_align) - 0x1) & ~ ((__tls_align - 0x1))))
                [!provide]                        PROVIDE (__arm32_tls_tcb_offset = MAX (0x8, __tls_align))
                [!provide]                        PROVIDE (_end = __end__)
                [!provide]                        PROVIDE (__llvm_libc_heap_limit = __HeapLimit)
                0x00000001                        ASSERT ((__StackLimit >= __HeapLimit), region RAM overflowed)
                0x00000001                        ASSERT (((__binary_info_header_end - __logical_binary_start) <= 0x400), Binary info must be in first 1024 bytes of the binary)
                0x00000001                        ASSERT (((__embedded_block_end - __logical_binary_start) <= 0x1000), Embedded block must be in first 4096 bytes of the binary)
LOAD CMakeFiles/blink_main.dir/main.c.o
LOAD CMakeFiles/blink_main.dir/blink.s.o
LOAD CMakeFiles/blink_main.dir/usr/share/pico-sdk/src/rp2_common/pico_stdlib/stdlib.c.o
LOAD CMakeFiles/blink_main.dir/usr/share/pico-sdk/src/rp2_common/hardware_gpio/gpio.c.o
LOAD CMakeFiles/blink_main.dir/usr/share/pico-sdk/src/rp2350/pico_platform/platform.c.o
LOAD CMakeFiles/blink_main.dir/usr/share/pico-sdk/src/rp2_common/pico_platform_common/common.c.o
LOAD CMakeFiles/blink_main.dir/usr/share/pico-sdk/src/rp2_common/pico_platform_panic/panic.c.o
LOAD CMakeFiles/blink_main.dir/usr/share/pico-sdk/src/common/hardware_claim/claim.c.o
LOAD CMakeFiles/blink_main.dir/usr/share/pico-sdk/src/rp2_common/hardware_sync/sync.c.o
LOAD CMakeFiles/blink_main.dir/usr/share/pico-sdk/src/rp2_common/hardware_sync_spin_lock/sync_spin_lock.c.o
LOAD CMakeFiles/blink_main.dir/usr/share/pico-sdk/src/rp2_common/hardware_irq/irq.c.o
LOAD CMakeFiles/blink_main.dir/usr/share/pico-sdk/src/rp2_common/hardware_irq/irq_handler_chain.S.o
LOAD CMakeFiles/blink_main.dir/usr/share/pico-sdk/src/common/pico_sync/sem.c.o
LOAD CMakeFiles/blink_main.dir/usr/share/pico-sdk/src/common/pico_sync/lock_core.c.o
LOAD CMakeFiles/blink_main.dir/usr/share/pico-sdk/src/common/pico_sync/mutex.c.o
LOAD CMakeFiles/blink_main.dir/usr/share/pico-sdk/src/common/pico_sync/critical_section.c.o
LOAD CMakeFiles/blink_main.dir/usr/share/pico-sdk/src/common/pico_time/time.c.o
LOAD CMakeFiles/blink_main.dir/usr/share/pico-sdk/src/common/pico_time/timeout_helper.c.o
LOAD CMakeFiles/blink_main.dir/usr/share/pico-sdk/src/rp2_common/hardware_timer/timer.c.o
LOAD CMakeFiles/blink_main.dir/usr/share/pico-sdk/src/common/pico_util/datetime.c.o
LOAD CMakeFiles/blink_main.dir/usr/share/pico-sdk/src/common/pico_util/pheap.c.o
LOAD CMakeFiles/blink_main.dir/usr/share/pico-sdk/src/common/pico_util/queue.c.o
LOAD CMakeFiles/blink_main.dir/usr/share/pico-sdk/src/rp2_common/hardware_uart/uart.c.o
LOAD CMakeFiles/blink_main.dir/usr/share/pico-sdk/src/rp2_common/hardware_clocks/clocks.c.o
LOAD CMakeFiles/blink_main.dir/usr/share/pico-sdk/src/rp2_common/hardware_pll/pll.c.o
LOAD CMakeFiles/blink_main.dir/usr/share/pico-sdk/src/rp2_common/hardware_vreg/vreg.c.o
LOAD CMakeFiles/blink_main.dir/usr/share/pico-sdk/src/rp2_common/hardware_watchdog/watchdog.c.o
LOAD CMakeFiles/blink_main.dir/usr/share/pico-sdk/src/rp2_common/hardware_ticks/ticks.c.o
LOAD CMakeFiles/blink_main.dir/usr/share/pico-sdk/src/rp2_common/pico_bootrom/bootrom.c.o
LOAD CMakeFiles/blink_main.dir/usr/share/pico-sdk/src/rp2_common/pico_bootrom/bootrom_lock.c.o
LOAD CMakeFiles/blink_main.dir/usr/share/pico-sdk/src/rp2_common/hardware_boot_lock/boot_lock.c.o
LOAD CMakeFiles/blink_main.dir/usr/share/pico-sdk/src/rp2_common/pico_flash/flash.c.o
LOAD CMakeFiles/blink_main.dir/usr/share/pico-sdk/src/rp2_common/hardware_xosc/xosc.c.o
LOAD CMakeFiles/blink_main.dir/usr/share/pico-sdk/src/rp2_common/hardware_divider/divider.c.o
LOAD CMakeFiles/blink_main.dir/usr/share/pico-sdk/src/rp2_common/pico_runtime/runtime.c.o
LOAD CMakeFiles/blink_main.dir/usr/share/pico-sdk/src/rp2_common/pico_runtime_init/runtime_init.c.o
LOAD CMakeFiles/blink_main.dir/usr/share/pico-sdk/src/rp2_common/pico_runtime_init/runtime_init_clocks.c.o
LOAD CMakeFiles/blink_main.dir/usr/share/pico-sdk/src/rp2_common/pico_runtime_init/runtime_init_stack_guard.c.o
LOAD CMakeFiles/blink_main.dir/usr/share/pico-sdk/src/rp2_common/pico_bit_ops/bit_ops_aeabi.S.o
LOAD CMakeFiles/blink_main.dir/usr/share/pico-sdk/src/rp2_common/pico_divider/divider_compiler.c.o
LOAD CMakeFiles/blink_main.dir/usr/share/pico-sdk/src/rp2_common/pico_double/double_math.c.o
LOAD CMakeFiles/blink_main.dir/usr/share/pico-sdk/src/rp2_common/pico_double/double_aeabi_dcp.S.o
LOAD CMakeFiles/blink_main.dir/usr/share/pico-sdk/src/rp2_common/pico_double/double_fma_dcp.S.o
LOAD CMakeFiles/blink_main.dir/usr/share/pico-sdk/src/rp2_common/pico_double/double_sci_m33.S.o
LOAD CMakeFiles/blink_main.dir/usr/share/pico-sdk/src/rp2_common/pico_double/double_conv_m33.S.o
LOAD CMakeFiles/blink_main.dir/usr/share/pico-sdk/src/rp2_common/pico_float/float_math.c.o
LOAD CMakeFiles/blink_main.dir/usr/share/pico-sdk/src/rp2_common/pico_float/float_conv32_vfp.S.o
LOAD CMakeFiles/blink_main.dir/usr/share/pico-sdk/src/rp2_common/pico_float/float_common_m33.S.o
LOAD CMakeFiles/blink_main.dir/usr/share/pico-sdk/src/rp2_common/pico_float/float_sci_m33_vfp.S.o
LOAD CMakeFiles/blink_main.dir/usr/share/pico-sdk/src/rp2_common/pico_malloc/malloc.c.o
LOAD CMakeFiles/blink_main.dir/usr/share/pico-sdk/src/rp2_common/pico_atomic/atomic.c.o
LOAD CMakeFiles/blink_main.dir/usr/share/pico-sdk/src/rp2_common/pico_cxx_options/new_delete.cpp.o
LOAD CMakeFiles/blink_main.dir/usr/share/pico-sdk/src/rp2_common/pico_standard_binary_info/standard_binary_info.c.o
LOAD CMakeFiles/blink_main.dir/usr/share/pico-sdk/src/rp2_common/pico_printf/printf.c.o
LOAD CMakeFiles/blink_main.dir/usr/share/pico-sdk/src/rp2_common/pico_crt0/crt0.S.o
LOAD CMakeFiles/blink_main.dir/usr/share/pico-sdk/src/rp2_common/pico_clib_interface/newlib_interface.c.o
LOAD CMakeFiles/blink_main.dir/usr/share/pico-sdk/src/rp2_common/pico_stdio/stdio.c.o
LOAD CMakeFiles/blink_main.dir/usr/share/pico-sdk/src/rp2_common/pico_stdio_uart/stdio_uart.c.o
LOAD pico-sdk/src/rp2350/boot_stage2/CMakeFiles/bs2_default_library.dir/bs2_default_padded_checksummed.S.o
LOAD /usr/lib/gcc/arm-none-eabi/14.2.0/../../../../arm-none-eabi/lib/thumb/v8-m.main+fp/softfp/libstdc++.a
LOAD /usr/lib/gcc/arm-none-eabi/14.2.0/../../../../arm-none-eabi/lib/thumb/v8-m.main+fp/softfp/libm.a
START GROUP
LOAD /usr/lib/gcc/arm-none-eabi/14.2.0/thumb/v8-m.main+fp/softfp/libgcc.a
LOAD /usr/lib/gcc/arm-none-eabi/14.2.0/../../../../arm-none-eabi/lib/thumb/v8-m.main+fp/softfp/libg.a
LOAD /usr/lib/gcc/arm-none-eabi/14.2.0/../../../../arm-none-eabi/lib/thumb/v8-m.main+fp/softfp/libc.a
END GROUP
START GROUP
LOAD /usr/lib/gcc/arm-none-eabi/14.2.0/thumb/v8-m.main+fp/softfp/libgcc.a
LOAD /usr/lib/gcc/arm-none-eabi/14.2.0/../../../../arm-none-eabi/lib/thumb/v8-m.main+fp/softfp/libc.a
LOAD /usr/lib/gcc/arm-none-eabi/14.2.0/../../../../arm-none-eabi/lib/thumb/v8-m.main+fp/softfp/libnosys.a
END GROUP
LOAD /usr/lib/gcc/arm-none-eabi/14.2.0/thumb/v8-m.main+fp/softfp/crtend.o
LOAD /usr/lib/gcc/arm-none-eabi/14.2.0/thumb/v8-m.main+fp/softfp/crtn.o
OUTPUT(blink_main.elf elf32-littlearm)
LOAD linker stubs

.rel.dyn        0x1000168c        0x0
 .rel.iplt      0x1000168c        0x0 /usr/lib/gcc/arm-none-eabi/14.2.0/thumb/v8-m.main+fp/softfp/crtbegin.o

.ARM.attributes
                0x00000000       0x34
 .ARM.attributes
                0x00000000       0x26 /usr/lib/gcc/arm-none-eabi/14.2.0/thumb/v8-m.main+fp/softfp/crti.o
 .ARM.attributes
                0x00000026       0x36 /usr/lib/gcc/arm-none-eabi/14.2.0/thumb/v8-m.main+fp/softfp/crtbegin.o
 .ARM.attributes
                0x0000005c       0x38 CMakeFiles/blink_main.dir/main.c.o
 .ARM.attributes
                0x00000094       0x24 CMakeFiles/blink_main.dir/blink.s.o
 .ARM.attributes
                0x000000b8       0x38 CMakeFiles/blink_main.dir/usr/share/pico-sdk/src/rp2_common/pico_platform_panic/panic.c.o
 .ARM.attributes
                0x000000f0       0x38 CMakeFiles/blink_main.dir/usr/share/pico-sdk/src/common/hardware_claim/claim.c.o
 .ARM.attributes
                0x00000128       0x38 CMakeFiles/blink_main.dir/usr/share/pico-sdk/src/rp2_common/hardware_sync/sync.c.o
 .ARM.attributes
                0x00000160       0x38 CMakeFiles/blink_main.dir/usr/share/pico-sdk/src/rp2_common/hardware_sync_spin_lock/sync_spin_lock.c.o
 .ARM.attributes
                0x00000198       0x38 CMakeFiles/blink_main.dir/usr/share/pico-sdk/src/rp2_common/hardware_irq/irq.c.o
 .ARM.attributes
                0x000001d0       0x38 CMakeFiles/blink_main.dir/usr/share/pico-sdk/src/common/pico_sync/lock_core.c.o
 .ARM.attributes
                0x00000208       0x38 CMakeFiles/blink_main.dir/usr/share/pico-sdk/src/common/pico_sync/mutex.c.o
 .ARM.attributes
                0x00000240       0x38 CMakeFiles/blink_main.dir/usr/share/pico-sdk/src/common/pico_time/time.c.o
 .ARM.attributes
                0x00000278       0x38 CMakeFiles/blink_main.dir/usr/share/pico-sdk/src/rp2_common/hardware_timer/timer.c.o
 .ARM.attributes
                0x000002b0       0x38 CMakeFiles/blink_main.dir/usr/share/pico-sdk/src/rp2_common/hardware_clocks/clocks.c.o
 .ARM.attributes
                0x000002e8       0x38 CMakeFiles/blink_main.dir/usr/share/pico-sdk/src/rp2_common/hardware_pll/pll.c.o
 .ARM.attributes
                0x00000320       0x38 CMakeFiles/blink_main.dir/usr/share/pico-sdk/src/rp2_common/hardware_ticks/ticks.c.o
 .ARM.attributes
                0x00000358       0x38 CMakeFiles/blink_main.dir/usr/share/pico-sdk/src/rp2_common/pico_bootrom/bootrom.c.o
 .ARM.attributes
                0x00000390       0x38 CMakeFiles/blink_main.dir/usr/share/pico-sdk/src/rp2_common/pico_bootrom/bootrom_lock.c.o
 .ARM.attributes
                0x000003c8       0x38 CMakeFiles/blink_main.dir/usr/share/pico-sdk/src/rp2_common/hardware_boot_lock/boot_lock.c.o
 .ARM.attributes
                0x00000400       0x38 CMakeFiles/blink_main.dir/usr/share/pico-sdk/src/rp2_common/hardware_xosc/xosc.c.o
 .ARM.attributes
                0x00000438       0x38 CMakeFiles/blink_main.dir/usr/share/pico-sdk/src/rp2_common/pico_runtime/runtime.c.o
 .ARM.attributes
                0x00000470       0x38 CMakeFiles/blink_main.dir/usr/share/pico-sdk/src/rp2_common/pico_runtime_init/runtime_init.c.o
 .ARM.attributes
                0x000004a8       0x38 CMakeFiles/blink_main.dir/usr/share/pico-sdk/src/rp2_common/pico_runtime_init/runtime_init_clocks.c.o
 .ARM.attributes
                0x000004e0       0x38 CMakeFiles/blink_main.dir/usr/share/pico-sdk/src/rp2_common/pico_standard_binary_info/standard_binary_info.c.o
 .ARM.attributes
                0x00000518       0x38 CMakeFiles/blink_main.dir/usr/share/pico-sdk/src/rp2_common/pico_printf/printf.c.o
 .ARM.attributes
                0x00000550       0x28 CMakeFiles/blink_main.dir/usr/share/pico-sdk/src/rp2_common/pico_crt0/crt0.S.o
 .ARM.attributes
                0x00000578       0x38 CMakeFiles/blink_main.dir/usr/share/pico-sdk/src/rp2_common/pico_clib_interface/newlib_interface.c.o
 .ARM.attributes
                0x000005b0       0x38 CMakeFiles/blink_main.dir/usr/share/pico-sdk/src/rp2_common/pico_stdio/stdio.c.o
 .ARM.attributes
                0x000005e8       0x36 /usr/lib/gcc/arm-none-eabi/14.2.0/../../../../arm-none-eabi/lib/thumb/v8-m.main+fp/softfp/libg.a(libc_a-atexit.o)
 .ARM.attributes
                0x0000061e       0x36 /usr/lib/gcc/arm-none-eabi/14.2.0/../../../../arm-none-eabi/lib/thumb/v8-m.main+fp/softfp/libg.a(libc_a-fini.o)
 .ARM.attributes
                0x00000654       0x36 /usr/lib/gcc/arm-none-eabi/14.2.0/../../../../arm-none-eabi/lib/thumb/v8-m.main+fp/softfp/libg.a(libc_a-lock.o)
 .ARM.attributes
                0x0000068a       0x24 /usr/lib/gcc/arm-none-eabi/14.2.0/../../../../arm-none-eabi/lib/thumb/v8-m.main+fp/softfp/libg.a(libc_a-memcpy.o)
 .ARM.attributes
                0x000006ae       0x36 /usr/lib/gcc/arm-none-eabi/14.2.0/../../../../arm-none-eabi/lib/thumb/v8-m.main+fp/softfp/libg.a(libc_a-strlen-stub.o)
 .ARM.attributes
                0x000006e4       0x36 /usr/lib/gcc/arm-none-eabi/14.2.0/../../../../arm-none-eabi/lib/thumb/v8-m.main+fp/softfp/libg.a(libc_a-__atexit.o)
 .ARM.attributes
                0x0000071a       0x36 /usr/lib/gcc/arm-none-eabi/14.2.0/../../../../arm-none-eabi/lib/thumb/v8-m.main+fp/softfp/libg.a(libc_a-__call_atexit.o)

.comment        0x00000000       0x1e
 .comment       0x00000000       0x1e CMakeFiles/blink_main.dir/main.c.o
                                 0x1f (size before relaxing)
 .comment       0x0000001e       0x1f CMakeFiles/blink_main.dir/usr/share/pico-sdk/src/rp2_common/pico_platform_panic/panic.c.o
 .comment       0x0000001e       0x1f CMakeFiles/blink_main.dir/usr/share/pico-sdk/src/common/hardware_claim/claim.c.o
 .comment       0x0000001e       0x1f CMakeFiles/blink_main.dir/usr/share/pico-sdk/src/rp2_common/hardware_sync/sync.c.o
 .comment       0x0000001e       0x1f CMakeFiles/blink_main.dir/usr/share/pico-sdk/src/rp2_common/hardware_sync_spin_lock/sync_spin_lock.c.o
 .comment       0x0000001e       0x1f CMakeFiles/blink_main.dir/usr/share/pico-sdk/src/rp2_common/hardware_irq/irq.c.o
 .comment       0x0000001e       0x1f CMakeFiles/blink_main.dir/usr/share/pico-sdk/src/common/pico_sync/lock_core.c.o
 .comment       0x0000001e       0x1f CMakeFiles/blink_main.dir/usr/share/pico-sdk/src/common/pico_sync/mutex.c.o
 .comment       0x0000001e       0x1f CMakeFiles/blink_main.dir/usr/share/pico-sdk/src/common/pico_time/time.c.o
 .comment       0x0000001e       0x1f CMakeFiles/blink_main.dir/usr/share/pico-sdk/src/rp2_common/hardware_timer/timer.c.o
 .comment       0x0000001e       0x1f CMakeFiles/blink_main.dir/usr/share/pico-sdk/src/rp2_common/hardware_clocks/clocks.c.o
 .comment       0x0000001e       0x1f CMakeFiles/blink_main.dir/usr/share/pico-sdk/src/rp2_common/hardware_pll/pll.c.o
 .comment       0x0000001e       0x1f CMakeFiles/blink_main.dir/usr/share/pico-sdk/src/rp2_common/hardware_ticks/ticks.c.o
 .comment       0x0000001e       0x1f CMakeFiles/blink_main.dir/usr/share/pico-sdk/src/rp2_common/pico_bootrom/bootrom.c.o
 .comment       0x0000001e       0x1f CMakeFiles/blink_main.dir/usr/share/pico-sdk/src/rp2_common/pico_bootrom/bootrom_lock.c.o
 .comment       0x0000001e       0x1f CMakeFiles/blink_main.dir/usr/share/pico-sdk/src/rp2_common/hardware_boot_lock/boot_lock.c.o
 .comment       0x0000001e       0x1f CMakeFiles/blink_main.dir/usr/share/pico-sdk/src/rp2_common/hardware_xosc/xosc.c.o
 .comment       0x0000001e       0x1f CMakeFiles/blink_main.dir/usr/share/pico-sdk/src/rp2_common/pico_runtime/runtime.c.o
 .comment       0x0000001e       0x1f CMakeFiles/blink_main.dir/usr/share/pico-sdk/src/rp2_common/pico_runtime_init/runtime_init.c.o
 .comment       0x0000001e       0x1f CMakeFiles/blink_main.dir/usr/share/pico-sdk/src/rp2_common/pico_runtime_init/runtime_init_clocks.c.o
 .comment       0x0000001e       0x1f CMakeFiles/blink_main.dir/usr/share/pico-sdk/src/rp2_common/pico_standard_binary_info/standard_binary_info.c.o
 .comment       0x0000001e       0x1f CMakeFiles/blink_main.dir/usr/share/pico-sdk/src/rp2_common/pico_printf/printf.c.o
 .comment       0x0000001e       0x1f CMakeFiles/blink_main.dir/usr/share/pico-sdk/src/rp2_common/pico_clib_interface/newlib_interface.c.o
 .comment       0x0000001e       0x1f CMakeFiles/blink_main.dir/usr/share/pico-sdk/src/rp2_common/pico_stdio/stdio.c.o
 .comment       0x0000001e       0x1f /usr/lib/gcc/arm-none-eabi/14.2.0/../../../../arm-none-eabi/lib/thumb/v8-m.main+fp/softfp/libg.a(libc_a-atexit.o)
 .comment       0x0000001e       0x1f /usr/lib/gcc/arm-none-eabi/14.2.0/../../../../arm-none-eabi/lib/thumb/v8-m.main+fp/softfp/libg.a(libc_a-fini.o)
 .comment       0x0000001e       0x1f /usr/lib/gcc/arm-none-eabi/14.2.0/../../../../arm-none-eabi/lib/thumb/v8-m.main+fp/softfp/libg.a(libc_a-lock.o)
 .comment       0x0000001e       0x1f /usr/lib/gcc/arm-none-eabi/14.2.0/../../../../arm-none-eabi/lib/thumb/v8-m.main+fp/softfp/libg.a(libc_a-strlen-stub.o)
 .comment       0x0000001e       0x1f /usr/lib/gcc/arm-none-eabi/14.2.0/../../../../arm-none-eabi/lib/thumb/v8-m.main+fp/softfp/libg.a(libc_a-__atexit.o)
 .comment       0x0000001e       0x1f /usr/lib/gcc/arm-none-eabi/14.2.0/../../../../arm-none-eabi/lib/thumb/v8-m.main+fp/softfp/libg.a(libc_a-__call_atexit.o)

.debug_info     0x00000000    0x1b9be
 .debug_info    0x00000000       0x60 CMakeFiles/blink_main.dir/main.c.o
 .debug_info    0x00000060       0x24 CMakeFiles/blink_main.dir/blink.s.o
 .debug_info    0x00000084      0x1be CMakeFiles/blink_main.dir/usr/share/pico-sdk/src/rp2_common/pico_platform_panic/panic.c.o
 .debug_info    0x00000242      0xb78 CMakeFiles/blink_main.dir/usr/share/pico-sdk/src/common/hardware_claim/claim.c.o
 .debug_info    0x00000dba      0x46f CMakeFiles/blink_main.dir/usr/share/pico-sdk/src/rp2_common/hardware_sync/sync.c.o
 .debug_info    0x00001229     0x145e CMakeFiles/blink_main.dir/usr/share/pico-sdk/src/rp2_common/hardware_sync_spin_lock/sync_spin_lock.c.o
 .debug_info    0x00002687     0x262d CMakeFiles/blink_main.dir/usr/share/pico-sdk/src/rp2_common/hardware_irq/irq.c.o
 .debug_info    0x00004cb4      0x187 CMakeFiles/blink_main.dir/usr/share/pico-sdk/src/common/pico_sync/lock_core.c.o
 .debug_info    0x00004e3b     0x1e7c CMakeFiles/blink_main.dir/usr/share/pico-sdk/src/common/pico_sync/mutex.c.o
 .debug_info    0x00006cb7     0x5492 CMakeFiles/blink_main.dir/usr/share/pico-sdk/src/common/pico_time/time.c.o
 .debug_info    0x0000c149     0x30c6 CMakeFiles/blink_main.dir/usr/share/pico-sdk/src/rp2_common/hardware_timer/timer.c.o
 .debug_info    0x0000f20f     0x28c2 CMakeFiles/blink_main.dir/usr/share/pico-sdk/src/rp2_common/hardware_clocks/clocks.c.o
 .debug_info    0x00011ad1      0x507 CMakeFiles/blink_main.dir/usr/share/pico-sdk/src/rp2_common/hardware_pll/pll.c.o
 .debug_info    0x00011fd8      0x26c CMakeFiles/blink_main.dir/usr/share/pico-sdk/src/rp2_common/hardware_ticks/ticks.c.o
 .debug_info    0x00012244     0x10ab CMakeFiles/blink_main.dir/usr/share/pico-sdk/src/rp2_common/pico_bootrom/bootrom.c.o
 .debug_info    0x000132ef      0x1c4 CMakeFiles/blink_main.dir/usr/share/pico-sdk/src/rp2_common/pico_bootrom/bootrom_lock.c.o
 .debug_info    0x000134b3      0x316 CMakeFiles/blink_main.dir/usr/share/pico-sdk/src/rp2_common/hardware_boot_lock/boot_lock.c.o
 .debug_info    0x000137c9      0x1b1 CMakeFiles/blink_main.dir/usr/share/pico-sdk/src/rp2_common/hardware_xosc/xosc.c.o
 .debug_info    0x0001397a      0x21a CMakeFiles/blink_main.dir/usr/share/pico-sdk/src/rp2_common/pico_runtime/runtime.c.o
 .debug_info    0x00013b94     0x1c34 CMakeFiles/blink_main.dir/usr/share/pico-sdk/src/rp2_common/pico_runtime_init/runtime_init.c.o
 .debug_info    0x000157c8      0x7c9 CMakeFiles/blink_main.dir/usr/share/pico-sdk/src/rp2_common/pico_runtime_init/runtime_init_clocks.c.o
 .debug_info    0x00015f91      0x2b8 CMakeFiles/blink_main.dir/usr/share/pico-sdk/src/rp2_common/pico_standard_binary_info/standard_binary_info.c.o
 .debug_info    0x00016249     0x22ff CMakeFiles/blink_main.dir/usr/share/pico-sdk/src/rp2_common/pico_printf/printf.c.o
 .debug_info    0x00018548       0x23 CMakeFiles/blink_main.dir/usr/share/pico-sdk/src/rp2_common/pico_crt0/crt0.S.o
 .debug_info    0x0001856b      0xc25 CMakeFiles/blink_main.dir/usr/share/pico-sdk/src/rp2_common/pico_clib_interface/newlib_interface.c.o
 .debug_info    0x00019190     0x1dd5 CMakeFiles/blink_main.dir/usr/share/pico-sdk/src/rp2_common/pico_stdio/stdio.c.o
 .debug_info    0x0001af65      0x11e /usr/lib/gcc/arm-none-eabi/14.2.0/../../../../arm-none-eabi/lib/thumb/v8-m.main+fp/softfp/libg.a(libc_a-atexit.o)
 .debug_info    0x0001b083       0xf7 /usr/lib/gcc/arm-none-eabi/14.2.0/../../../../arm-none-eabi/lib/thumb/v8-m.main+fp/softfp/libg.a(libc_a-fini.o)
 .debug_info    0x0001b17a      0x218 /usr/lib/gcc/arm-none-eabi/14.2.0/../../../../arm-none-eabi/lib/thumb/v8-m.main+fp/softfp/libg.a(libc_a-lock.o)
 .debug_info    0x0001b392       0x33 /usr/lib/gcc/arm-none-eabi/14.2.0/../../../../arm-none-eabi/lib/thumb/v8-m.main+fp/softfp/libg.a(libc_a-memcpy.o)
 .debug_info    0x0001b3c5       0xbd /usr/lib/gcc/arm-none-eabi/14.2.0/../../../../arm-none-eabi/lib/thumb/v8-m.main+fp/softfp/libg.a(libc_a-strlen-stub.o)
 .debug_info    0x0001b482      0x25f /usr/lib/gcc/arm-none-eabi/14.2.0/../../../../arm-none-eabi/lib/thumb/v8-m.main+fp/softfp/libg.a(libc_a-__atexit.o)
 .debug_info    0x0001b6e1      0x2dd /usr/lib/gcc/arm-none-eabi/14.2.0/../../../../arm-none-eabi/lib/thumb/v8-m.main+fp/softfp/libg.a(libc_a-__call_atexit.o)

.debug_abbrev   0x00000000     0x4e6b
 .debug_abbrev  0x00000000       0x5b CMakeFiles/blink_main.dir/main.c.o
 .debug_abbrev  0x0000005b       0x14 CMakeFiles/blink_main.dir/blink.s.o
 .debug_abbrev  0x0000006f      0x12b CMakeFiles/blink_main.dir/usr/share/pico-sdk/src/rp2_common/pico_platform_panic/panic.c.o
 .debug_abbrev  0x0000019a      0x35e CMakeFiles/blink_main.dir/usr/share/pico-sdk/src/common/hardware_claim/claim.c.o
 .debug_abbrev  0x000004f8      0x22f CMakeFiles/blink_main.dir/usr/share/pico-sdk/src/rp2_common/hardware_sync/sync.c.o
 .debug_abbrev  0x00000727      0x26e CMakeFiles/blink_main.dir/usr/share/pico-sdk/src/rp2_common/hardware_sync_spin_lock/sync_spin_lock.c.o
 .debug_abbrev  0x00000995      0x63b CMakeFiles/blink_main.dir/usr/share/pico-sdk/src/rp2_common/hardware_irq/irq.c.o
 .debug_abbrev  0x00000fd0      0x11e CMakeFiles/blink_main.dir/usr/share/pico-sdk/src/common/pico_sync/lock_core.c.o
 .debug_abbrev  0x000010ee      0x49b CMakeFiles/blink_main.dir/usr/share/pico-sdk/src/common/pico_sync/mutex.c.o
 .debug_abbrev  0x00001589      0x644 CMakeFiles/blink_main.dir/usr/share/pico-sdk/src/common/pico_time/time.c.o
 .debug_abbrev  0x00001bcd      0x4f9 CMakeFiles/blink_main.dir/usr/share/pico-sdk/src/rp2_common/hardware_timer/timer.c.o
 .debug_abbrev  0x000020c6      0x517 CMakeFiles/blink_main.dir/usr/share/pico-sdk/src/rp2_common/hardware_clocks/clocks.c.o
 .debug_abbrev  0x000025dd      0x1a8 CMakeFiles/blink_main.dir/usr/share/pico-sdk/src/rp2_common/hardware_pll/pll.c.o
 .debug_abbrev  0x00002785      0x146 CMakeFiles/blink_main.dir/usr/share/pico-sdk/src/rp2_common/hardware_ticks/ticks.c.o
 .debug_abbrev  0x000028cb      0x458 CMakeFiles/blink_main.dir/usr/share/pico-sdk/src/rp2_common/pico_bootrom/bootrom.c.o
 .debug_abbrev  0x00002d23       0xfb CMakeFiles/blink_main.dir/usr/share/pico-sdk/src/rp2_common/pico_bootrom/bootrom_lock.c.o
 .debug_abbrev  0x00002e1e      0x1de CMakeFiles/blink_main.dir/usr/share/pico-sdk/src/rp2_common/hardware_boot_lock/boot_lock.c.o
 .debug_abbrev  0x00002ffc      0x109 CMakeFiles/blink_main.dir/usr/share/pico-sdk/src/rp2_common/hardware_xosc/xosc.c.o
 .debug_abbrev  0x00003105      0x182 CMakeFiles/blink_main.dir/usr/share/pico-sdk/src/rp2_common/pico_runtime/runtime.c.o
 .debug_abbrev  0x00003287      0x310 CMakeFiles/blink_main.dir/usr/share/pico-sdk/src/rp2_common/pico_runtime_init/runtime_init.c.o
 .debug_abbrev  0x00003597      0x2b8 CMakeFiles/blink_main.dir/usr/share/pico-sdk/src/rp2_common/pico_runtime_init/runtime_init_clocks.c.o
 .debug_abbrev  0x0000384f       0xb8 CMakeFiles/blink_main.dir/usr/share/pico-sdk/src/rp2_common/pico_standard_binary_info/standard_binary_info.c.o
 .debug_abbrev  0x00003907      0x505 CMakeFiles/blink_main.dir/usr/share/pico-sdk/src/rp2_common/pico_printf/printf.c.o
 .debug_abbrev  0x00003e0c       0x12 CMakeFiles/blink_main.dir/usr/share/pico-sdk/src/rp2_common/pico_crt0/crt0.S.o
 .debug_abbrev  0x00003e1e      0x375 CMakeFiles/blink_main.dir/usr/share/pico-sdk/src/rp2_common/pico_clib_interface/newlib_interface.c.o
 .debug_abbrev  0x00004193      0x601 CMakeFiles/blink_main.dir/usr/share/pico-sdk/src/rp2_common/pico_stdio/stdio.c.o
 .debug_abbrev  0x00004794       0xc1 /usr/lib/gcc/arm-none-eabi/14.2.0/../../../../arm-none-eabi/lib/thumb/v8-m.main+fp/softfp/libg.a(libc_a-atexit.o)
 .debug_abbrev  0x00004855       0xcc /usr/lib/gcc/arm-none-eabi/14.2.0/../../../../arm-none-eabi/lib/thumb/v8-m.main+fp/softfp/libg.a(libc_a-fini.o)
 .debug_abbrev  0x00004921      0x115 /usr/lib/gcc/arm-none-eabi/14.2.0/../../../../arm-none-eabi/lib/thumb/v8-m.main+fp/softfp/libg.a(libc_a-lock.o)
 .debug_abbrev  0x00004a36       0x28 /usr/lib/gcc/arm-none-eabi/14.2.0/../../../../arm-none-eabi/lib/thumb/v8-m.main+fp/softfp/libg.a(libc_a-memcpy.o)
 .debug_abbrev  0x00004a5e       0x78 /usr/lib/gcc/arm-none-eabi/14.2.0/../../../../arm-none-eabi/lib/thumb/v8-m.main+fp/softfp/libg.a(libc_a-strlen-stub.o)
 .debug_abbrev  0x00004ad6      0x189 /usr/lib/gcc/arm-none-eabi/14.2.0/../../../../arm-none-eabi/lib/thumb/v8-m.main+fp/softfp/libg.a(libc_a-__atexit.o)
 .debug_abbrev  0x00004c5f      0x20c /usr/lib/gcc/arm-none-eabi/14.2.0/../../../../arm-none-eabi/lib/thumb/v8-m.main+fp/softfp/libg.a(libc_a-__call_atexit.o)

.debug_aranges  0x00000000      0xa50
 .debug_aranges
                0x00000000       0x20 CMakeFiles/blink_main.dir/main.c.o
 .debug_aranges
                0x00000020       0x20 CMakeFiles/blink_main.dir/blink.s.o
 .debug_aranges
                0x00000040       0x28 CMakeFiles/blink_main.dir/usr/share/pico-sdk/src/rp2_common/pico_platform_panic/panic.c.o
 .debug_aranges
                0x00000068       0x48 CMakeFiles/blink_main.dir/usr/share/pico-sdk/src/common/hardware_claim/claim.c.o
 .debug_aranges
                0x000000b0       0x48 CMakeFiles/blink_main.dir/usr/share/pico-sdk/src/rp2_common/hardware_sync/sync.c.o
 .debug_aranges
                0x000000f8       0x30 CMakeFiles/blink_main.dir/usr/share/pico-sdk/src/rp2_common/hardware_sync_spin_lock/sync_spin_lock.c.o
 .debug_aranges
                0x00000128       0xb8 CMakeFiles/blink_main.dir/usr/share/pico-sdk/src/rp2_common/hardware_irq/irq.c.o
 .debug_aranges
                0x000001e0       0x20 CMakeFiles/blink_main.dir/usr/share/pico-sdk/src/common/pico_sync/lock_core.c.o
 .debug_aranges
                0x00000200       0x98 CMakeFiles/blink_main.dir/usr/share/pico-sdk/src/common/pico_sync/mutex.c.o
 .debug_aranges
                0x00000298       0xe0 CMakeFiles/blink_main.dir/usr/share/pico-sdk/src/common/pico_time/time.c.o
 .debug_aranges
                0x00000378       0xf0 CMakeFiles/blink_main.dir/usr/share/pico-sdk/src/rp2_common/hardware_timer/timer.c.o
 .debug_aranges
                0x00000468       0x90 CMakeFiles/blink_main.dir/usr/share/pico-sdk/src/rp2_common/hardware_clocks/clocks.c.o
 .debug_aranges
                0x000004f8       0x28 CMakeFiles/blink_main.dir/usr/share/pico-sdk/src/rp2_common/hardware_pll/pll.c.o
 .debug_aranges
                0x00000520       0x30 CMakeFiles/blink_main.dir/usr/share/pico-sdk/src/rp2_common/hardware_ticks/ticks.c.o
 .debug_aranges
                0x00000550       0x60 CMakeFiles/blink_main.dir/usr/share/pico-sdk/src/rp2_common/pico_bootrom/bootrom.c.o
 .debug_aranges
                0x000005b0       0x20 CMakeFiles/blink_main.dir/usr/share/pico-sdk/src/rp2_common/pico_bootrom/bootrom_lock.c.o
 .debug_aranges
                0x000005d0       0x30 CMakeFiles/blink_main.dir/usr/share/pico-sdk/src/rp2_common/hardware_boot_lock/boot_lock.c.o
 .debug_aranges
                0x00000600       0x30 CMakeFiles/blink_main.dir/usr/share/pico-sdk/src/rp2_common/hardware_xosc/xosc.c.o
 .debug_aranges
                0x00000630       0x38 CMakeFiles/blink_main.dir/usr/share/pico-sdk/src/rp2_common/pico_runtime/runtime.c.o
 .debug_aranges
                0x00000668       0x58 CMakeFiles/blink_main.dir/usr/share/pico-sdk/src/rp2_common/pico_runtime_init/runtime_init.c.o
 .debug_aranges
                0x000006c0       0x20 CMakeFiles/blink_main.dir/usr/share/pico-sdk/src/rp2_common/pico_runtime_init/runtime_init_clocks.c.o
 .debug_aranges
                0x000006e0       0x18 CMakeFiles/blink_main.dir/usr/share/pico-sdk/src/rp2_common/pico_standard_binary_info/standard_binary_info.c.o
 .debug_aranges
                0x000006f8       0x90 CMakeFiles/blink_main.dir/usr/share/pico-sdk/src/rp2_common/pico_printf/printf.c.o
 .debug_aranges
                0x00000788       0x28 CMakeFiles/blink_main.dir/usr/share/pico-sdk/src/rp2_common/pico_crt0/crt0.S.o
 .debug_aranges
                0x000007b0       0xa8 CMakeFiles/blink_main.dir/usr/share/pico-sdk/src/rp2_common/pico_clib_interface/newlib_interface.c.o
 .debug_aranges
                0x00000858       0xc8 CMakeFiles/blink_main.dir/usr/share/pico-sdk/src/rp2_common/pico_stdio/stdio.c.o
 .debug_aranges
                0x00000920       0x20 /usr/lib/gcc/arm-none-eabi/14.2.0/../../../../arm-none-eabi/lib/thumb/v8-m.main+fp/softfp/libg.a(libc_a-atexit.o)
 .debug_aranges
                0x00000940       0x20 /usr/lib/gcc/arm-none-eabi/14.2.0/../../../../arm-none-eabi/lib/thumb/v8-m.main+fp/softfp/libg.a(libc_a-fini.o)
 .debug_aranges
                0x00000960       0x68 /usr/lib/gcc/arm-none-eabi/14.2.0/../../../../arm-none-eabi/lib/thumb/v8-m.main+fp/softfp/libg.a(libc_a-lock.o)
 .debug_aranges
                0x000009c8       0x20 /usr/lib/gcc/arm-none-eabi/14.2.0/../../../../arm-none-eabi/lib/thumb/v8-m.main+fp/softfp/libg.a(libc_a-memcpy.o)
 .debug_aranges
                0x000009e8       0x20 /usr/lib/gcc/arm-none-eabi/14.2.0/../../../../arm-none-eabi/lib/thumb/v8-m.main+fp/softfp/libg.a(libc_a-strlen-stub.o)
 .debug_aranges
                0x00000a08       0x20 /usr/lib/gcc/arm-none-eabi/14.2.0/../../../../arm-none-eabi/lib/thumb/v8-m.main+fp/softfp/libg.a(libc_a-__atexit.o)
 .debug_aranges
                0x00000a28       0x28 /usr/lib/gcc/arm-none-eabi/14.2.0/../../../../arm-none-eabi/lib/thumb/v8-m.main+fp/softfp/libg.a(libc_a-__call_atexit.o)

.debug_rnglists
                0x00000000     0x2600
 .debug_rnglists
                0x00000000       0x13 CMakeFiles/blink_main.dir/main.c.o
 .debug_rnglists
                0x00000013       0x19 CMakeFiles/blink_main.dir/usr/share/pico-sdk/src/rp2_common/pico_platform_panic/panic.c.o
 .debug_rnglists
                0x0000002c       0xf2 CMakeFiles/blink_main.dir/usr/share/pico-sdk/src/common/hardware_claim/claim.c.o
 .debug_rnglists
                0x0000011e       0x5b CMakeFiles/blink_main.dir/usr/share/pico-sdk/src/rp2_common/hardware_sync/sync.c.o
 .debug_rnglists
                0x00000179       0x43 CMakeFiles/blink_main.dir/usr/share/pico-sdk/src/rp2_common/hardware_sync_spin_lock/sync_spin_lock.c.o
 .debug_rnglists
                0x000001bc      0x3e4 CMakeFiles/blink_main.dir/usr/share/pico-sdk/src/rp2_common/hardware_irq/irq.c.o
 .debug_rnglists
                0x000005a0       0x13 CMakeFiles/blink_main.dir/usr/share/pico-sdk/src/common/pico_sync/lock_core.c.o
 .debug_rnglists
                0x000005b3      0x2ac CMakeFiles/blink_main.dir/usr/share/pico-sdk/src/common/pico_sync/mutex.c.o
 .debug_rnglists
                0x0000085f      0x847 CMakeFiles/blink_main.dir/usr/share/pico-sdk/src/common/pico_time/time.c.o
 .debug_rnglists
                0x000010a6      0x481 CMakeFiles/blink_main.dir/usr/share/pico-sdk/src/rp2_common/hardware_timer/timer.c.o
 .debug_rnglists
                0x00001527      0x610 CMakeFiles/blink_main.dir/usr/share/pico-sdk/src/rp2_common/hardware_clocks/clocks.c.o
 .debug_rnglists
                0x00001b37       0x59 CMakeFiles/blink_main.dir/usr/share/pico-sdk/src/rp2_common/hardware_pll/pll.c.o
 .debug_rnglists
                0x00001b90       0x2b CMakeFiles/blink_main.dir/usr/share/pico-sdk/src/rp2_common/hardware_ticks/ticks.c.o
 .debug_rnglists
                0x00001bbb      0x131 CMakeFiles/blink_main.dir/usr/share/pico-sdk/src/rp2_common/pico_bootrom/bootrom.c.o
 .debug_rnglists
                0x00001cec       0x13 CMakeFiles/blink_main.dir/usr/share/pico-sdk/src/rp2_common/pico_bootrom/bootrom_lock.c.o
 .debug_rnglists
                0x00001cff       0x4f CMakeFiles/blink_main.dir/usr/share/pico-sdk/src/rp2_common/hardware_boot_lock/boot_lock.c.o
 .debug_rnglists
                0x00001d4e       0x2b CMakeFiles/blink_main.dir/usr/share/pico-sdk/src/rp2_common/hardware_xosc/xosc.c.o
 .debug_rnglists
                0x00001d79       0x3d CMakeFiles/blink_main.dir/usr/share/pico-sdk/src/rp2_common/pico_runtime/runtime.c.o
 .debug_rnglists
                0x00001db6       0x7c CMakeFiles/blink_main.dir/usr/share/pico-sdk/src/rp2_common/pico_runtime_init/runtime_init.c.o
 .debug_rnglists
                0x00001e32       0x2c CMakeFiles/blink_main.dir/usr/share/pico-sdk/src/rp2_common/pico_runtime_init/runtime_init_clocks.c.o
 .debug_rnglists
                0x00001e5e      0x2fd CMakeFiles/blink_main.dir/usr/share/pico-sdk/src/rp2_common/pico_printf/printf.c.o
 .debug_rnglists
                0x0000215b       0x1b CMakeFiles/blink_main.dir/usr/share/pico-sdk/src/rp2_common/pico_crt0/crt0.S.o
 .debug_rnglists
                0x00002176       0xb5 CMakeFiles/blink_main.dir/usr/share/pico-sdk/src/rp2_common/pico_clib_interface/newlib_interface.c.o
 .debug_rnglists
                0x0000222b      0x302 CMakeFiles/blink_main.dir/usr/share/pico-sdk/src/rp2_common/pico_stdio/stdio.c.o
 .debug_rnglists
                0x0000252d       0x13 /usr/lib/gcc/arm-none-eabi/14.2.0/../../../../arm-none-eabi/lib/thumb/v8-m.main+fp/softfp/libg.a(libc_a-atexit.o)
 .debug_rnglists
                0x00002540       0x13 /usr/lib/gcc/arm-none-eabi/14.2.0/../../../../arm-none-eabi/lib/thumb/v8-m.main+fp/softfp/libg.a(libc_a-fini.o)
 .debug_rnglists
                0x00002553       0x49 /usr/lib/gcc/arm-none-eabi/14.2.0/../../../../arm-none-eabi/lib/thumb/v8-m.main+fp/softfp/libg.a(libc_a-lock.o)
 .debug_rnglists
                0x0000259c       0x13 /usr/lib/gcc/arm-none-eabi/14.2.0/../../../../arm-none-eabi/lib/thumb/v8-m.main+fp/softfp/libg.a(libc_a-strlen-stub.o)
 .debug_rnglists
                0x000025af       0x14 /usr/lib/gcc/arm-none-eabi/14.2.0/../../../../arm-none-eabi/lib/thumb/v8-m.main+fp/softfp/libg.a(libc_a-__atexit.o)
 .debug_rnglists
                0x000025c3       0x3d /usr/lib/gcc/arm-none-eabi/14.2.0/../../../../arm-none-eabi/lib/thumb/v8-m.main+fp/softfp/libg.a(libc_a-__call_atexit.o)

.debug_line     0x00000000    0x10ee1
 .debug_line    0x00000000       0x6e CMakeFiles/blink_main.dir/main.c.o
 .debug_line    0x0000006e       0x61 CMakeFiles/blink_main.dir/blink.s.o
 .debug_line    0x000000cf      0x1e0 CMakeFiles/blink_main.dir/usr/share/pico-sdk/src/rp2_common/pico_platform_panic/panic.c.o
 .debug_line    0x000002af      0x766 CMakeFiles/blink_main.dir/usr/share/pico-sdk/src/common/hardware_claim/claim.c.o
 .debug_line    0x00000a15      0x389 CMakeFiles/blink_main.dir/usr/share/pico-sdk/src/rp2_common/hardware_sync/sync.c.o
 .debug_line    0x00000d9e      0x309 CMakeFiles/blink_main.dir/usr/share/pico-sdk/src/rp2_common/hardware_sync_spin_lock/sync_spin_lock.c.o
 .debug_line    0x000010a7     0x1633 CMakeFiles/blink_main.dir/usr/share/pico-sdk/src/rp2_common/hardware_irq/irq.c.o
 .debug_line    0x000026da      0x1e4 CMakeFiles/blink_main.dir/usr/share/pico-sdk/src/common/pico_sync/lock_core.c.o
 .debug_line    0x000028be     0x11a3 CMakeFiles/blink_main.dir/usr/share/pico-sdk/src/common/pico_sync/mutex.c.o
 .debug_line    0x00003a61     0x307b CMakeFiles/blink_main.dir/usr/share/pico-sdk/src/common/pico_time/time.c.o
 .debug_line    0x00006adc     0x1ccd CMakeFiles/blink_main.dir/usr/share/pico-sdk/src/rp2_common/hardware_timer/timer.c.o
 .debug_line    0x000087a9     0x1dda CMakeFiles/blink_main.dir/usr/share/pico-sdk/src/rp2_common/hardware_clocks/clocks.c.o
 .debug_line    0x0000a583      0x432 CMakeFiles/blink_main.dir/usr/share/pico-sdk/src/rp2_common/hardware_pll/pll.c.o
 .debug_line    0x0000a9b5      0x29f CMakeFiles/blink_main.dir/usr/share/pico-sdk/src/rp2_common/hardware_ticks/ticks.c.o
 .debug_line    0x0000ac54      0xa35 CMakeFiles/blink_main.dir/usr/share/pico-sdk/src/rp2_common/pico_bootrom/bootrom.c.o
 .debug_line    0x0000b689      0x306 CMakeFiles/blink_main.dir/usr/share/pico-sdk/src/rp2_common/pico_bootrom/bootrom_lock.c.o
 .debug_line    0x0000b98f      0x38c CMakeFiles/blink_main.dir/usr/share/pico-sdk/src/rp2_common/hardware_boot_lock/boot_lock.c.o
 .debug_line    0x0000bd1b      0x2d3 CMakeFiles/blink_main.dir/usr/share/pico-sdk/src/rp2_common/hardware_xosc/xosc.c.o
 .debug_line    0x0000bfee      0x28d CMakeFiles/blink_main.dir/usr/share/pico-sdk/src/rp2_common/pico_runtime/runtime.c.o
 .debug_line    0x0000c27b      0x5ff CMakeFiles/blink_main.dir/usr/share/pico-sdk/src/rp2_common/pico_runtime_init/runtime_init.c.o
 .debug_line    0x0000c87a      0x4ac CMakeFiles/blink_main.dir/usr/share/pico-sdk/src/rp2_common/pico_runtime_init/runtime_init_clocks.c.o
 .debug_line    0x0000cd26      0x178 CMakeFiles/blink_main.dir/usr/share/pico-sdk/src/rp2_common/pico_standard_binary_info/standard_binary_info.c.o
 .debug_line    0x0000ce9e     0x1ae9 CMakeFiles/blink_main.dir/usr/share/pico-sdk/src/rp2_common/pico_printf/printf.c.o
 .debug_line    0x0000e987       0x9e CMakeFiles/blink_main.dir/usr/share/pico-sdk/src/rp2_common/pico_crt0/crt0.S.o
 .debug_line    0x0000ea25      0x781 CMakeFiles/blink_main.dir/usr/share/pico-sdk/src/rp2_common/pico_clib_interface/newlib_interface.c.o
 .debug_line    0x0000f1a6     0x13de CMakeFiles/blink_main.dir/usr/share/pico-sdk/src/rp2_common/pico_stdio/stdio.c.o
 .debug_line    0x00010584       0xe4 /usr/lib/gcc/arm-none-eabi/14.2.0/../../../../arm-none-eabi/lib/thumb/v8-m.main+fp/softfp/libg.a(libc_a-atexit.o)
 .debug_line    0x00010668       0xe8 /usr/lib/gcc/arm-none-eabi/14.2.0/../../../../arm-none-eabi/lib/thumb/v8-m.main+fp/softfp/libg.a(libc_a-fini.o)
 .debug_line    0x00010750      0x17d /usr/lib/gcc/arm-none-eabi/14.2.0/../../../../arm-none-eabi/lib/thumb/v8-m.main+fp/softfp/libg.a(libc_a-lock.o)
 .debug_line    0x000108cd       0xbd /usr/lib/gcc/arm-none-eabi/14.2.0/../../../../arm-none-eabi/lib/thumb/v8-m.main+fp/softfp/libg.a(libc_a-memcpy.o)
 .debug_line    0x0001098a      0x115 /usr/lib/gcc/arm-none-eabi/14.2.0/../../../../arm-none-eabi/lib/thumb/v8-m.main+fp/softfp/libg.a(libc_a-strlen-stub.o)
 .debug_line    0x00010a9f      0x190 /usr/lib/gcc/arm-none-eabi/14.2.0/../../../../arm-none-eabi/lib/thumb/v8-m.main+fp/softfp/libg.a(libc_a-__atexit.o)
 .debug_line    0x00010c2f      0x2b2 /usr/lib/gcc/arm-none-eabi/14.2.0/../../../../arm-none-eabi/lib/thumb/v8-m.main+fp/softfp/libg.a(libc_a-__call_atexit.o)

.debug_str      0x00000000     0x4dd0
 .debug_str     0x00000000     0x4dd0 CMakeFiles/blink_main.dir/main.c.o
                                 0xf6 (size before relaxing)
 .debug_str     0x00004dd0       0x70 CMakeFiles/blink_main.dir/blink.s.o
 .debug_str     0x00004dd0      0x1f2 CMakeFiles/blink_main.dir/usr/share/pico-sdk/src/rp2_common/pico_platform_panic/panic.c.o
 .debug_str     0x00004dd0      0x364 CMakeFiles/blink_main.dir/usr/share/pico-sdk/src/common/hardware_claim/claim.c.o
 .debug_str     0x00004dd0      0x30f CMakeFiles/blink_main.dir/usr/share/pico-sdk/src/rp2_common/hardware_sync/sync.c.o
 .debug_str     0x00004dd0      0xbbc CMakeFiles/blink_main.dir/usr/share/pico-sdk/src/rp2_common/hardware_sync_spin_lock/sync_spin_lock.c.o
 .debug_str     0x00004dd0      0xc3b CMakeFiles/blink_main.dir/usr/share/pico-sdk/src/rp2_common/hardware_irq/irq.c.o
 .debug_str     0x00004dd0      0x201 CMakeFiles/blink_main.dir/usr/share/pico-sdk/src/common/pico_sync/lock_core.c.o
 .debug_str     0x00004dd0      0x8d5 CMakeFiles/blink_main.dir/usr/share/pico-sdk/src/common/pico_sync/mutex.c.o
 .debug_str     0x00004dd0     0x12f7 CMakeFiles/blink_main.dir/usr/share/pico-sdk/src/common/pico_time/time.c.o
 .debug_str     0x00004dd0      0xb8f CMakeFiles/blink_main.dir/usr/share/pico-sdk/src/rp2_common/hardware_timer/timer.c.o
 .debug_str     0x00004dd0      0xb7e CMakeFiles/blink_main.dir/usr/share/pico-sdk/src/rp2_common/hardware_clocks/clocks.c.o
 .debug_str     0x00004dd0      0x488 CMakeFiles/blink_main.dir/usr/share/pico-sdk/src/rp2_common/hardware_pll/pll.c.o
 .debug_str     0x00004dd0      0x2b5 CMakeFiles/blink_main.dir/usr/share/pico-sdk/src/rp2_common/hardware_ticks/ticks.c.o
 .debug_str     0x00004dd0      0x951 CMakeFiles/blink_main.dir/usr/share/pico-sdk/src/rp2_common/pico_bootrom/bootrom.c.o
 .debug_str     0x00004dd0      0x29d CMakeFiles/blink_main.dir/usr/share/pico-sdk/src/rp2_common/pico_bootrom/bootrom_lock.c.o
 .debug_str     0x00004dd0      0x27b CMakeFiles/blink_main.dir/usr/share/pico-sdk/src/rp2_common/hardware_boot_lock/boot_lock.c.o
 .debug_str     0x00004dd0      0x22e CMakeFiles/blink_main.dir/usr/share/pico-sdk/src/rp2_common/hardware_xosc/xosc.c.o
 .debug_str     0x00004dd0      0x284 CMakeFiles/blink_main.dir/usr/share/pico-sdk/src/rp2_common/pico_runtime/runtime.c.o
 .debug_str     0x00004dd0     0x1208 CMakeFiles/blink_main.dir/usr/share/pico-sdk/src/rp2_common/pico_runtime_init/runtime_init.c.o
 .debug_str     0x00004dd0      0x4d0 CMakeFiles/blink_main.dir/usr/share/pico-sdk/src/rp2_common/pico_runtime_init/runtime_init_clocks.c.o
 .debug_str     0x00004dd0      0x3f3 CMakeFiles/blink_main.dir/usr/share/pico-sdk/src/rp2_common/pico_standard_binary_info/standard_binary_info.c.o
 .debug_str     0x00004dd0      0x49a CMakeFiles/blink_main.dir/usr/share/pico-sdk/src/rp2_common/pico_printf/printf.c.o
 .debug_str     0x00004dd0       0x71 CMakeFiles/blink_main.dir/usr/share/pico-sdk/src/rp2_common/pico_crt0/crt0.S.o
 .debug_str     0x00004dd0      0x883 CMakeFiles/blink_main.dir/usr/share/pico-sdk/src/rp2_common/pico_clib_interface/newlib_interface.c.o
 .debug_str     0x00004dd0      0xfa2 CMakeFiles/blink_main.dir/usr/share/pico-sdk/src/rp2_common/pico_stdio/stdio.c.o
 .debug_str     0x00004dd0      0x20c /usr/lib/gcc/arm-none-eabi/14.2.0/../../../../arm-none-eabi/lib/thumb/v8-m.main+fp/softfp/libg.a(libc_a-atexit.o)
 .debug_str     0x00004dd0      0x206 /usr/lib/gcc/arm-none-eabi/14.2.0/../../../../arm-none-eabi/lib/thumb/v8-m.main+fp/softfp/libg.a(libc_a-fini.o)
 .debug_str     0x00004dd0      0x366 /usr/lib/gcc/arm-none-eabi/14.2.0/../../../../arm-none-eabi/lib/thumb/v8-m.main+fp/softfp/libg.a(libc_a-lock.o)
 .debug_str     0x00004dd0       0xbf /usr/lib/gcc/arm-none-eabi/14.2.0/../../../../arm-none-eabi/lib/thumb/v8-m.main+fp/softfp/libg.a(libc_a-memcpy.o)
 .debug_str     0x00004dd0      0x1d9 /usr/lib/gcc/arm-none-eabi/14.2.0/../../../../arm-none-eabi/lib/thumb/v8-m.main+fp/softfp/libg.a(libc_a-strlen-stub.o)
 .debug_str     0x00004dd0      0x2e3 /usr/lib/gcc/arm-none-eabi/14.2.0/../../../../arm-none-eabi/lib/thumb/v8-m.main+fp/softfp/libg.a(libc_a-__atexit.o)
 .debug_str     0x00004dd0      0x30c /usr/lib/gcc/arm-none-eabi/14.2.0/../../../../arm-none-eabi/lib/thumb/v8-m.main+fp/softfp/libg.a(libc_a-__call_atexit.o)

.debug_frame    0x00000000     0x1a88
 .debug_frame   0x00000000       0x28 CMakeFiles/blink_main.dir/main.c.o
 .debug_frame   0x00000028       0x4c CMakeFiles/blink_main.dir/usr/share/pico-sdk/src/rp2_common/pico_platform_panic/panic.c.o
 .debug_frame   0x00000074       0x94 CMakeFiles/blink_main.dir/usr/share/pico-sdk/src/common/hardware_claim/claim.c.o
 .debug_frame   0x00000108       0x94 CMakeFiles/blink_main.dir/usr/share/pico-sdk/src/rp2_common/hardware_sync/sync.c.o
 .debug_frame   0x0000019c       0x40 CMakeFiles/blink_main.dir/usr/share/pico-sdk/src/rp2_common/hardware_sync_spin_lock/sync_spin_lock.c.o
 .debug_frame   0x000001dc      0x1cc CMakeFiles/blink_main.dir/usr/share/pico-sdk/src/rp2_common/hardware_irq/irq.c.o
 .debug_frame   0x000003a8       0x20 CMakeFiles/blink_main.dir/usr/share/pico-sdk/src/common/pico_sync/lock_core.c.o
 .debug_frame   0x000003c8      0x1d0 CMakeFiles/blink_main.dir/usr/share/pico-sdk/src/common/pico_sync/mutex.c.o
 .debug_frame   0x00000598      0x378 CMakeFiles/blink_main.dir/usr/share/pico-sdk/src/common/pico_time/time.c.o
 .debug_frame   0x00000910      0x2d8 CMakeFiles/blink_main.dir/usr/share/pico-sdk/src/rp2_common/hardware_timer/timer.c.o
 .debug_frame   0x00000be8      0x1f0 CMakeFiles/blink_main.dir/usr/share/pico-sdk/src/rp2_common/hardware_clocks/clocks.c.o
 .debug_frame   0x00000dd8       0x44 CMakeFiles/blink_main.dir/usr/share/pico-sdk/src/rp2_common/hardware_pll/pll.c.o
 .debug_frame   0x00000e1c       0x40 CMakeFiles/blink_main.dir/usr/share/pico-sdk/src/rp2_common/hardware_ticks/ticks.c.o
 .debug_frame   0x00000e5c      0x12c CMakeFiles/blink_main.dir/usr/share/pico-sdk/src/rp2_common/pico_bootrom/bootrom.c.o
 .debug_frame   0x00000f88       0x20 CMakeFiles/blink_main.dir/usr/share/pico-sdk/src/rp2_common/pico_bootrom/bootrom_lock.c.o
 .debug_frame   0x00000fa8       0x40 CMakeFiles/blink_main.dir/usr/share/pico-sdk/src/rp2_common/hardware_boot_lock/boot_lock.c.o
 .debug_frame   0x00000fe8       0x4c CMakeFiles/blink_main.dir/usr/share/pico-sdk/src/rp2_common/hardware_xosc/xosc.c.o
 .debug_frame   0x00001034       0x70 CMakeFiles/blink_main.dir/usr/share/pico-sdk/src/rp2_common/pico_runtime/runtime.c.o
 .debug_frame   0x000010a4       0xc0 CMakeFiles/blink_main.dir/usr/share/pico-sdk/src/rp2_common/pico_runtime_init/runtime_init.c.o
 .debug_frame   0x00001164       0x34 CMakeFiles/blink_main.dir/usr/share/pico-sdk/src/rp2_common/pico_runtime_init/runtime_init_clocks.c.o
 .debug_frame   0x00001198      0x2a4 CMakeFiles/blink_main.dir/usr/share/pico-sdk/src/rp2_common/pico_printf/printf.c.o
 .debug_frame   0x0000143c      0x190 CMakeFiles/blink_main.dir/usr/share/pico-sdk/src/rp2_common/pico_clib_interface/newlib_interface.c.o
 .debug_frame   0x000015cc      0x2e0 CMakeFiles/blink_main.dir/usr/share/pico-sdk/src/rp2_common/pico_stdio/stdio.c.o
 .debug_frame   0x000018ac       0x20 /usr/lib/gcc/arm-none-eabi/14.2.0/../../../../arm-none-eabi/lib/thumb/v8-m.main+fp/softfp/libg.a(libc_a-atexit.o)
 .debug_frame   0x000018cc       0x34 /usr/lib/gcc/arm-none-eabi/14.2.0/../../../../arm-none-eabi/lib/thumb/v8-m.main+fp/softfp/libg.a(libc_a-fini.o)
 .debug_frame   0x00001900       0xb0 /usr/lib/gcc/arm-none-eabi/14.2.0/../../../../arm-none-eabi/lib/thumb/v8-m.main+fp/softfp/libg.a(libc_a-lock.o)
 .debug_frame   0x000019b0       0x28 /usr/lib/gcc/arm-none-eabi/14.2.0/../../../../arm-none-eabi/lib/thumb/v8-m.main+fp/softfp/libg.a(libc_a-memcpy.o)
 .debug_frame   0x000019d8       0x20 /usr/lib/gcc/arm-none-eabi/14.2.0/../../../../arm-none-eabi/lib/thumb/v8-m.main+fp/softfp/libg.a(libc_a-strlen-stub.o)
 .debug_frame   0x000019f8       0x34 /usr/lib/gcc/arm-none-eabi/14.2.0/../../../../arm-none-eabi/lib/thumb/v8-m.main+fp/softfp/libg.a(libc_a-__atexit.o)
 .debug_frame   0x00001a2c       0x5c /usr/lib/gcc/arm-none-eabi/14.2.0/../../../../arm-none-eabi/lib/thumb/v8-m.main+fp/softfp/libg.a(libc_a-__call_atexit.o)

.debug_line_str
                0x00000000      0x144
 .debug_line_str
                0x00000000      0x144 CMakeFiles/blink_main.dir/blink.s.o
                                 0x64 (size before relaxing)
 .debug_line_str
                0x00000144       0x65 CMakeFiles/blink_main.dir/usr/share/pico-sdk/src/rp2_common/pico_crt0/crt0.S.o
 .debug_line_str
                0x00000144       0xac /usr/lib/gcc/arm-none-eabi/14.2.0/../../../../arm-none-eabi/lib/thumb/v8-m.main+fp/softfp/libg.a(libc_a-memcpy.o)

.debug_loclists
                0x00000000     0xd560
 .debug_loclists
                0x00000000      0x42d CMakeFiles/blink_main.dir/usr/share/pico-sdk/src/common/hardware_claim/claim.c.o
 .debug_loclists
                0x0000042d      0x132 CMakeFiles/blink_main.dir/usr/share/pico-sdk/src/rp2_common/hardware_sync/sync.c.o
 .debug_loclists
                0x0000055f       0xa2 CMakeFiles/blink_main.dir/usr/share/pico-sdk/src/rp2_common/hardware_sync_spin_lock/sync_spin_lock.c.o
 .debug_loclists
                0x00000601     0x1034 CMakeFiles/blink_main.dir/usr/share/pico-sdk/src/rp2_common/hardware_irq/irq.c.o
 .debug_loclists
                0x00001635       0x17 CMakeFiles/blink_main.dir/usr/share/pico-sdk/src/common/pico_sync/lock_core.c.o
 .debug_loclists
                0x0000164c      0xae7 CMakeFiles/blink_main.dir/usr/share/pico-sdk/src/common/pico_sync/mutex.c.o
 .debug_loclists
                0x00002133     0x2c58 CMakeFiles/blink_main.dir/usr/share/pico-sdk/src/common/pico_time/time.c.o
 .debug_loclists
                0x00004d8b     0x1a3f CMakeFiles/blink_main.dir/usr/share/pico-sdk/src/rp2_common/hardware_timer/timer.c.o
 .debug_loclists
                0x000067ca     0x2038 CMakeFiles/blink_main.dir/usr/share/pico-sdk/src/rp2_common/hardware_clocks/clocks.c.o
 .debug_loclists
                0x00008802      0x1b7 CMakeFiles/blink_main.dir/usr/share/pico-sdk/src/rp2_common/hardware_pll/pll.c.o
 .debug_loclists
                0x000089b9       0x8b CMakeFiles/blink_main.dir/usr/share/pico-sdk/src/rp2_common/hardware_ticks/ticks.c.o
 .debug_loclists
                0x00008a44      0x812 CMakeFiles/blink_main.dir/usr/share/pico-sdk/src/rp2_common/pico_bootrom/bootrom.c.o
 .debug_loclists
                0x00009256       0x28 CMakeFiles/blink_main.dir/usr/share/pico-sdk/src/rp2_common/pico_bootrom/bootrom_lock.c.o
 .debug_loclists
                0x0000927e       0x78 CMakeFiles/blink_main.dir/usr/share/pico-sdk/src/rp2_common/hardware_boot_lock/boot_lock.c.o
 .debug_loclists
                0x000092f6       0x48 CMakeFiles/blink_main.dir/usr/share/pico-sdk/src/rp2_common/hardware_xosc/xosc.c.o
 .debug_loclists
                0x0000933e       0x7e CMakeFiles/blink_main.dir/usr/share/pico-sdk/src/rp2_common/pico_runtime/runtime.c.o
 .debug_loclists
                0x000093bc      0x129 CMakeFiles/blink_main.dir/usr/share/pico-sdk/src/rp2_common/pico_runtime_init/runtime_init.c.o
 .debug_loclists
                0x000094e5       0x74 CMakeFiles/blink_main.dir/usr/share/pico-sdk/src/rp2_common/pico_runtime_init/runtime_init_clocks.c.o
 .debug_loclists
                0x00009559     0x2e21 CMakeFiles/blink_main.dir/usr/share/pico-sdk/src/rp2_common/pico_printf/printf.c.o
 .debug_loclists
                0x0000c37a      0x425 CMakeFiles/blink_main.dir/usr/share/pico-sdk/src/rp2_common/pico_clib_interface/newlib_interface.c.o
 .debug_loclists
                0x0000c79f      0xb4c CMakeFiles/blink_main.dir/usr/share/pico-sdk/src/rp2_common/pico_stdio/stdio.c.o
 .debug_loclists
                0x0000d2eb       0x30 /usr/lib/gcc/arm-none-eabi/14.2.0/../../../../arm-none-eabi/lib/thumb/v8-m.main+fp/softfp/libg.a(libc_a-atexit.o)
 .debug_loclists
                0x0000d31b       0x4c /usr/lib/gcc/arm-none-eabi/14.2.0/../../../../arm-none-eabi/lib/thumb/v8-m.main+fp/softfp/libg.a(libc_a-fini.o)
 .debug_loclists
                0x0000d367       0x29 /usr/lib/gcc/arm-none-eabi/14.2.0/../../../../arm-none-eabi/lib/thumb/v8-m.main+fp/softfp/libg.a(libc_a-lock.o)
 .debug_loclists
                0x0000d390       0x29 /usr/lib/gcc/arm-none-eabi/14.2.0/../../../../arm-none-eabi/lib/thumb/v8-m.main+fp/softfp/libg.a(libc_a-strlen-stub.o)
 .debug_loclists
                0x0000d3b9       0x8e /usr/lib/gcc/arm-none-eabi/14.2.0/../../../../arm-none-eabi/lib/thumb/v8-m.main+fp/softfp/libg.a(libc_a-__atexit.o)
 .debug_loclists
                0x0000d447      0x119 /usr/lib/gcc/arm-none-eabi/14.2.0/../../../../arm-none-eabi/lib/thumb/v8-m.main+fp/softfp/libg.a(libc_a-__call_atexit.o)
